Archive member included to satisfy reference by file (symbol)

/opt/st/stm32cubeide_1.8.0/plugins/com.st.stm32cube.ide.mcu.externaltools.gnu-tools-for-stm32.9-2020-q2-update.linux64_2.0.0.202105311346/tools/bin/../lib/gcc/arm-none-eabi/9.3.1/../../../../arm-none-eabi/lib/thumb/v7e-m+fp/hard/libc_nano.a(lib_a-errno.o)
                              ./Core/Src/syscalls.o (__errno)
/opt/st/stm32cubeide_1.8.0/plugins/com.st.stm32cube.ide.mcu.externaltools.gnu-tools-for-stm32.9-2020-q2-update.linux64_2.0.0.202105311346/tools/bin/../lib/gcc/arm-none-eabi/9.3.1/../../../../arm-none-eabi/lib/thumb/v7e-m+fp/hard/libc_nano.a(lib_a-exit.o)
                              /opt/st/stm32cubeide_1.8.0/plugins/com.st.stm32cube.ide.mcu.externaltools.gnu-tools-for-stm32.9-2020-q2-update.linux64_2.0.0.202105311346/tools/bin/../lib/gcc/arm-none-eabi/9.3.1/../../../../arm-none-eabi/lib/thumb/v7e-m+fp/hard/crt0.o (exit)
/opt/st/stm32cubeide_1.8.0/plugins/com.st.stm32cube.ide.mcu.externaltools.gnu-tools-for-stm32.9-2020-q2-update.linux64_2.0.0.202105311346/tools/bin/../lib/gcc/arm-none-eabi/9.3.1/../../../../arm-none-eabi/lib/thumb/v7e-m+fp/hard/libc_nano.a(lib_a-impure.o)
                              /opt/st/stm32cubeide_1.8.0/plugins/com.st.stm32cube.ide.mcu.externaltools.gnu-tools-for-stm32.9-2020-q2-update.linux64_2.0.0.202105311346/tools/bin/../lib/gcc/arm-none-eabi/9.3.1/../../../../arm-none-eabi/lib/thumb/v7e-m+fp/hard/libc_nano.a(lib_a-exit.o) (_global_impure_ptr)
/opt/st/stm32cubeide_1.8.0/plugins/com.st.stm32cube.ide.mcu.externaltools.gnu-tools-for-stm32.9-2020-q2-update.linux64_2.0.0.202105311346/tools/bin/../lib/gcc/arm-none-eabi/9.3.1/../../../../arm-none-eabi/lib/thumb/v7e-m+fp/hard/libc_nano.a(lib_a-init.o)
                              /opt/st/stm32cubeide_1.8.0/plugins/com.st.stm32cube.ide.mcu.externaltools.gnu-tools-for-stm32.9-2020-q2-update.linux64_2.0.0.202105311346/tools/bin/../lib/gcc/arm-none-eabi/9.3.1/../../../../arm-none-eabi/lib/thumb/v7e-m+fp/hard/crt0.o (__libc_init_array)
/opt/st/stm32cubeide_1.8.0/plugins/com.st.stm32cube.ide.mcu.externaltools.gnu-tools-for-stm32.9-2020-q2-update.linux64_2.0.0.202105311346/tools/bin/../lib/gcc/arm-none-eabi/9.3.1/../../../../arm-none-eabi/lib/thumb/v7e-m+fp/hard/libc_nano.a(lib_a-memcpy-stub.o)
                              ./FreeRtos/queue.o (memcpy)
/opt/st/stm32cubeide_1.8.0/plugins/com.st.stm32cube.ide.mcu.externaltools.gnu-tools-for-stm32.9-2020-q2-update.linux64_2.0.0.202105311346/tools/bin/../lib/gcc/arm-none-eabi/9.3.1/../../../../arm-none-eabi/lib/thumb/v7e-m+fp/hard/libc_nano.a(lib_a-memset.o)
                              /opt/st/stm32cubeide_1.8.0/plugins/com.st.stm32cube.ide.mcu.externaltools.gnu-tools-for-stm32.9-2020-q2-update.linux64_2.0.0.202105311346/tools/bin/../lib/gcc/arm-none-eabi/9.3.1/../../../../arm-none-eabi/lib/thumb/v7e-m+fp/hard/crt0.o (memset)
/opt/st/stm32cubeide_1.8.0/plugins/com.st.stm32cube.ide.mcu.externaltools.gnu-tools-for-stm32.9-2020-q2-update.linux64_2.0.0.202105311346/tools/bin/../lib/gcc/arm-none-eabi/9.3.1/../../../../arm-none-eabi/lib/thumb/v7e-m+fp/hard/libc_nano.a(lib_a-printf.o)
                              ./Core/Src/rtc.o (printf)
/opt/st/stm32cubeide_1.8.0/plugins/com.st.stm32cube.ide.mcu.externaltools.gnu-tools-for-stm32.9-2020-q2-update.linux64_2.0.0.202105311346/tools/bin/../lib/gcc/arm-none-eabi/9.3.1/../../../../arm-none-eabi/lib/thumb/v7e-m+fp/hard/libc_nano.a(lib_a-sprintf.o)
                              ./Core/Src/rtc.o (sprintf)
/opt/st/stm32cubeide_1.8.0/plugins/com.st.stm32cube.ide.mcu.externaltools.gnu-tools-for-stm32.9-2020-q2-update.linux64_2.0.0.202105311346/tools/bin/../lib/gcc/arm-none-eabi/9.3.1/../../../../arm-none-eabi/lib/thumb/v7e-m+fp/hard/libc_nano.a(lib_a-strcmp.o)
                              ./Core/Src/task_handler.o (strcmp)
/opt/st/stm32cubeide_1.8.0/plugins/com.st.stm32cube.ide.mcu.externaltools.gnu-tools-for-stm32.9-2020-q2-update.linux64_2.0.0.202105311346/tools/bin/../lib/gcc/arm-none-eabi/9.3.1/../../../../arm-none-eabi/lib/thumb/v7e-m+fp/hard/libc_nano.a(lib_a-strlen.o)
                              ./Core/Src/task_handler.o (strlen)
/opt/st/stm32cubeide_1.8.0/plugins/com.st.stm32cube.ide.mcu.externaltools.gnu-tools-for-stm32.9-2020-q2-update.linux64_2.0.0.202105311346/tools/bin/../lib/gcc/arm-none-eabi/9.3.1/../../../../arm-none-eabi/lib/thumb/v7e-m+fp/hard/libc_nano.a(lib_a-findfp.o)
                              /opt/st/stm32cubeide_1.8.0/plugins/com.st.stm32cube.ide.mcu.externaltools.gnu-tools-for-stm32.9-2020-q2-update.linux64_2.0.0.202105311346/tools/bin/../lib/gcc/arm-none-eabi/9.3.1/../../../../arm-none-eabi/lib/thumb/v7e-m+fp/hard/libc_nano.a(lib_a-printf.o) (__sinit)
/opt/st/stm32cubeide_1.8.0/plugins/com.st.stm32cube.ide.mcu.externaltools.gnu-tools-for-stm32.9-2020-q2-update.linux64_2.0.0.202105311346/tools/bin/../lib/gcc/arm-none-eabi/9.3.1/../../../../arm-none-eabi/lib/thumb/v7e-m+fp/hard/libc_nano.a(lib_a-fwalk.o)
[...]
Memory Configuration

Name             Origin             Length             Attributes
RAM              0x0000000020000000 0x0000000000050000 xrw
FLASH            0x0000000008000000 0x0000000000180000 xr
*default*        0x0000000000000000 0xffffffffffffffff

Linker script and memory map

LOAD /opt/st/stm32cubeide_1.8.0/plugins/com.st.stm32cube.ide.mcu.externaltools.gnu-tools-for-stm32.9-2020-q2-update.linux64_2.0.0.202105311346/tools/bin/../lib/gcc/arm-none-eabi/9.3.1/thumb/v7e-m+fp/hard/crti.o
LOAD /opt/st/stm32cubeide_1.8.0/plugins/com.st.stm32cube.ide.mcu.externaltools.gnu-tools-for-stm32.9-2020-q2-update.linux64_2.0.0.202105311346/tools/bin/../lib/gcc/arm-none-eabi/9.3.1/thumb/v7e-m+fp/hard/crtbegin.o
LOAD /opt/st/stm32cubeide_1.8.0/plugins/com.st.stm32cube.ide.mcu.externaltools.gnu-tools-for-stm32.9-2020-q2-update.linux64_2.0.0.202105311346/tools/bin/../lib/gcc/arm-none-eabi/9.3.1/../../../../arm-none-eabi/lib/thumb/v7e-m+fp/hard/crt0.o
LOAD ./Core/Src/led_effects.o
LOAD ./Core/Src/main.o
LOAD ./Core/Src/rtc.o
LOAD ./Core/Src/stm32f4xx_hal_msp.o
LOAD ./Core/Src/stm32f4xx_hal_timebase_tim.o
LOAD ./Core/Src/stm32f4xx_it.o
LOAD ./Core/Src/syscalls.o
LOAD ./Core/Src/system_stm32f4xx.o
LOAD ./Core/Src/task_handler.o
LOAD ./Core/Startup/startup_stm32f413zhtx.o
LOAD ./Drivers/STM32F4xx_HAL_Driver/Src/stm32f4xx_hal.o
LOAD ./Drivers/STM32F4xx_HAL_Driver/Src/stm32f4xx_hal_cortex.o
LOAD ./Drivers/STM32F4xx_HAL_Driver/Src/stm32f4xx_hal_dma.o
LOAD ./Drivers/STM32F4xx_HAL_Driver/Src/stm32f4xx_hal_dma_ex.o
LOAD ./Drivers/STM32F4xx_HAL_Driver/Src/stm32f4xx_hal_exti.o
LOAD ./Drivers/STM32F4xx_HAL_Driver/Src/stm32f4xx_hal_flash.o
LOAD ./Drivers/STM32F4xx_HAL_Driver/Src/stm32f4xx_hal_flash_ex.o
LOAD ./Drivers/STM32F4xx_HAL_Driver/Src/stm32f4xx_hal_flash_ramfunc.o
LOAD ./Drivers/STM32F4xx_HAL_Driver/Src/stm32f4xx_hal_gpio.o
LOAD ./Drivers/STM32F4xx_HAL_Driver/Src/stm32f4xx_hal_pcd.o
LOAD ./Drivers/STM32F4xx_HAL_Driver/Src/stm32f4xx_hal_pcd_ex.o
LOAD ./Drivers/STM32F4xx_HAL_Driver/Src/stm32f4xx_hal_pwr.o
LOAD ./Drivers/STM32F4xx_HAL_Driver/Src/stm32f4xx_hal_pwr_ex.o
LOAD ./Drivers/STM32F4xx_HAL_Driver/Src/stm32f4xx_hal_rcc.o
LOAD ./Drivers/STM32F4xx_HAL_Driver/Src/stm32f4xx_hal_rcc_ex.o
LOAD ./Drivers/STM32F4xx_HAL_Driver/Src/stm32f4xx_hal_rtc.o
LOAD ./Drivers/STM32F4xx_HAL_Driver/Src/stm32f4xx_hal_rtc_ex.o
LOAD ./Drivers/STM32F4xx_HAL_Driver/Src/stm32f4xx_hal_tim.o
LOAD ./Drivers/STM32F4xx_HAL_Driver/Src/stm32f4xx_hal_tim_ex.o
LOAD ./Drivers/STM32F4xx_HAL_Driver/Src/stm32f4xx_hal_uart.o
LOAD ./Drivers/STM32F4xx_HAL_Driver/Src/stm32f4xx_ll_usb.o
LOAD ./FreeRtos/croutine.o
LOAD ./FreeRtos/event_groups.o
LOAD ./FreeRtos/list.o
LOAD ./FreeRtos/queue.o
LOAD ./FreeRtos/stream_buffer.o
LOAD ./FreeRtos/tasks.o
LOAD ./FreeRtos/timers.o
LOAD ./FreeRtos/portable/GCC/ARM_CM4F/port.o
LOAD ./FreeRtos/portable/MemMang/heap_4.o
START GROUP
LOAD /opt/st/stm32cubeide_1.8.0/plugins/com.st.stm32cube.ide.mcu.externaltools.gnu-tools-for-stm32.9-2020-q2-update.linux64_2.0.0.202105311346/tools/bin/../lib/gcc/arm-none-eabi/9.3.1/../../../../arm-none-eabi/lib/thumb/v7e-m+fp/hard/libc_nano.a
LOAD /opt/st/stm32cubeide_1.8.0/plugins/com.st.stm32cube.ide.mcu.externaltools.gnu-tools-for-stm32.9-2020-q2-update.linux64_2.0.0.202105311346/tools/bin/../lib/gcc/arm-none-eabi/9.3.1/../../../../arm-none-eabi/lib/thumb/v7e-m+fp/hard/libm.a
END GROUP
START GROUP
LOAD /opt/st/stm32cubeide_1.8.0/plugins/com.st.stm32cube.ide.mcu.externaltools.gnu-tools-for-stm32.9-2020-q2-update.linux64_2.0.0.202105311346/tools/bin/../lib/gcc/arm-none-eabi/9.3.1/thumb/v7e-m+fp/hard/libgcc.a
LOAD /opt/st/stm32cubeide_1.8.0/plugins/com.st.stm32cube.ide.mcu.externaltools.gnu-tools-for-stm32.9-2020-q2-update.linux64_2.0.0.202105311346/tools/bin/../lib/gcc/arm-none-eabi/9.3.1/../../../../arm-none-eabi/lib/thumb/v7e-m+fp/hard/libc_nano.a
END GROUP
START GROUP
LOAD /opt/st/stm32cubeide_1.8.0/plugins/com.st.stm32cube.ide.mcu.externaltools.gnu-tools-for-stm32.9-2020-q2-update.linux64_2.0.0.202105311346/tools/bin/../lib/gcc/arm-none-eabi/9.3.1/thumb/v7e-m+fp/hard/libgcc.a
LOAD /opt/st/stm32cubeide_1.8.0/plugins/com.st.stm32cube.ide.mcu.externaltools.gnu-tools-for-stm32.9-2020-q2-update.linux64_2.0.0.202105311346/tools/bin/../lib/gcc/arm-none-eabi/9.3.1/../../../../arm-none-eabi/lib/thumb/v7e-m+fp/hard/libc_nano.a
LOAD /opt/st/stm32cubeide_1.8.0/plugins/com.st.stm32cube.ide.mcu.externaltools.gnu-tools-for-stm32.9-2020-q2-update.linux64_2.0.0.202105311346/tools/bin/../lib/gcc/arm-none-eabi/9.3.1/../../../../arm-none-eabi/lib/thumb/v7e-m+fp/hard/libnosys.a
END GROUP
START GROUP
LOAD /opt/st/stm32cubeide_1.8.0/plugins/com.st.stm32cube.ide.mcu.externaltools.gnu-tools-for-stm32.9-2020-q2-update.linux64_2.0.0.202105311346/tools/bin/../lib/gcc/arm-none-eabi/9.3.1/thumb/v7e-m+fp/hard/libgcc.a
LOAD /opt/st/stm32cubeide_1.8.0/plugins/com.st.stm32cube.ide.mcu.externaltools.gnu-tools-for-stm32.9-2020-q2-update.linux64_2.0.0.202105311346/tools/bin/../lib/gcc/arm-none-eabi/9.3.1/../../../../arm-none-eabi/lib/thumb/v7e-m+fp/hard/libc_nano.a
LOAD /opt/st/stm32cubeide_1.8.0/plugins/com.st.stm32cube.ide.mcu.externaltools.gnu-tools-for-stm32.9-2020-q2-update.linux64_2.0.0.202105311346/tools/bin/../lib/gcc/arm-none-eabi/9.3.1/../../../../arm-none-eabi/lib/thumb/v7e-m+fp/hard/libnosys.a
END GROUP
LOAD /opt/st/stm32cubeide_1.8.0/plugins/com.st.stm32cube.ide.mcu.externaltools.gnu-tools-for-stm32.9-2020-q2-update.linux64_2.0.0.202105311346/tools/bin/../lib/gcc/arm-none-eabi/9.3.1/thumb/v7e-m+fp/hard/crtend.o
LOAD /opt/st/stm32cubeide_1.8.0/plugins/com.st.stm32cube.ide.mcu.externaltools.gnu-tools-for-stm32.9-2020-q2-update.linux64_2.0.0.202105311346/tools/bin/../lib/gcc/arm-none-eabi/9.3.1/thumb/v7e-m+fp/hard/crtn.o
                0x0000000020050000                _estack = (ORIGIN (RAM) + LENGTH (RAM))
                0x0000000000000200                _Min_Heap_Size = 0x200
                0x0000000000000400                _Min_Stack_Size = 0x400

.isr_vector     0x0000000008000000      0x1d8
                0x0000000008000000                . = ALIGN (0x4)
 *(.isr_vector)
 .isr_vector    0x0000000008000000      0x1d8 ./Core/Startup/startup_stm32f413zhtx.o
                0x0000000008000000                g_pfnVectors
                0x00000000080001d8                . = ALIGN (0x4)

.text           0x00000000080001e0     0x9a70
                0x00000000080001e0                . = ALIGN (0x4)
 *(.text)
 .text          0x00000000080001e0       0x40 /opt/st/stm32cubeide_1.8.0/plugins/com.st.stm32cube.ide.mcu.externaltools.gnu-tools-for-stm32.9-2020-q2-update.linux64_2.0.0.202105311346/tools/bin/../lib/gcc/arm-none-eabi/9.3.1/thumb/v7e-m+fp/hard/crtbegin.o
 .text          0x0000000008000220       0x14 /opt/st/stm32cubeide_1.8.0/plugins/com.st.stm32cube.ide.mcu.externaltools.gnu-tools-for-stm32.9-2020-q2-update.linux64_2.0.0.202105311346/tools/bin/../lib/gcc/arm-none-eabi/9.3.1/../../../../arm-none-eabi/lib/thumb/v7e-m+fp/hard/libc_nano.a(lib_a-strcmp.o)
                0x0000000008000220                strcmp
 .text          0x0000000008000234       0x10 /opt/st/stm32cubeide_1.8.0/plugins/com.st.stm32cube.ide.mcu.externaltools.gnu-tools-for-stm32.9-2020-q2-update.linux64_2.0.0.202105311346/tools/bin/../lib/gcc/arm-none-eabi/9.3.1/../../../../arm-none-eabi/lib/thumb/v7e-m+fp/hard/libc_nano.a(lib_a-strlen.o)
                0x0000000008000234                strlen
 *fill*         0x0000000008000244        0xc 
 .text          0x0000000008000250       0xa0 /opt/st/stm32cubeide_1.8.0/plugins/com.st.stm32cube.ide.mcu.externaltools.gnu-tools-for-stm32.9-2020-q2-update.linux64_2.0.0.202105311346/tools/bin/../lib/gcc/arm-none-eabi/9.3.1/../../../../arm-none-eabi/lib/thumb/v7e-m+fp/hard/libc_nano.a(lib_a-memchr.o)
                0x0000000008000250                memchr
 .text          0x00000000080002f0       0x30 /opt/st/stm32cubeide_1.8.0/plugins/com.st.stm32cube.ide.mcu.externaltools.gnu-tools-for-stm32.9-2020-q2-update.linux64_2.0.0.202105311346/tools/bin/../lib/gcc/arm-none-eabi/9.3.1/thumb/v7e-m+fp/hard/libgcc.a(_aeabi_uldivmod.o)
                0x00000000080002f0                __aeabi_uldivmod
 .text          0x0000000008000320      0x2c4 /opt/st/stm32cubeide_1.8.0/plugins/com.st.stm32cube.ide.mcu.externaltools.gnu-tools-for-stm32.9-2020-q2-update.linux64_2.0.0.202105311346/tools/bin/../lib/gcc/arm-none-eabi/9.3.1/thumb/v7e-m+fp/hard/libgcc.a(_udivmoddi4.o)
                0x0000000008000320                __udivmoddi4
 .text          0x00000000080005e4        0x4 /opt/st/stm32cubeide_1.8.0/plugins/com.st.stm32cube.ide.mcu.externaltools.gnu-tools-for-stm32.9-2020-q2-update.linux64_2.0.0.202105311346/tools/bin/../lib/gcc/arm-none-eabi/9.3.1/thumb/v7e-m+fp/hard/libgcc.a(_dvmd_tls.o)
                0x00000000080005e4                __aeabi_ldiv0
                0x00000000080005e4                __aeabi_idiv0
 *(.text*)
 .text.led_effect_stop
                0x00000000080005e8       0x60 ./Core/Src/led_effects.o
                0x00000000080005e8                led_effect_stop
 .text.led_effect
                0x0000000008000648       0x38 ./Core/Src/led_effects.o
                0x0000000008000648                led_effect
 .text.LED_Effect1
                0x0000000008000680       0x28 ./Core/Src/led_effects.o
                0x0000000008000680                LED_Effect1
 .text.LED_Effect2
                0x00000000080006a8       0x2c ./Core/Src/led_effects.o
                0x00000000080006a8                LED_Effect2
 .text.turn_on_even_leds
                0x00000000080006d4       0x2c ./Core/Src/led_effects.o
                0x00000000080006d4                turn_on_even_leds
 .text.turn_on_odd_leds
                0x0000000008000700       0x2c ./Core/Src/led_effects.o
                0x0000000008000700                turn_on_odd_leds
 .text.LED_Effect3
                0x000000000800072c      0x100 ./Core/Src/led_effects.o
                0x000000000800072c                LED_Effect3
 .text.HAL_UART_RxCpltCallback
                0x000000000800082c       0x94 ./Core/Src/main.o
                0x000000000800082c                HAL_UART_RxCpltCallback
 .text.led_effect_callback
                0x00000000080008c0       0x46 ./Core/Src/main.o
                0x00000000080008c0                led_effect_callback
 .text.rtc_report_callback
                0x0000000008000906       0x14 ./Core/Src/main.o
                0x0000000008000906                rtc_report_callback
 *fill*         0x000000000800091a        0x2 
 .text.main     0x000000000800091c      0x230 ./Core/Src/main.o
                0x000000000800091c                main
 .text.SystemClock_Config
                0x0000000008000b4c       0xdc ./Core/Src/main.o
                0x0000000008000b4c                SystemClock_Config
 .text.MX_RTC_Init
                0x0000000008000c28       0x4c ./Core/Src/main.o
 .text.MX_USART3_UART_Init
                0x0000000008000c74       0x54 ./Core/Src/main.o
 .text.MX_USB_OTG_FS_PCD_Init
                0x0000000008000cc8       0x60 ./Core/Src/main.o
 .text.MX_GPIO_Init
                0x0000000008000d28      0x15c ./Core/Src/main.o
 .text.HAL_TIM_PeriodElapsedCallback
                0x0000000008000e84       0x24 ./Core/Src/main.o
                0x0000000008000e84                HAL_TIM_PeriodElapsedCallback
 .text.Error_Handler
                0x0000000008000ea8        0xa ./Core/Src/main.o
                0x0000000008000ea8                Error_Handler
 *fill*         0x0000000008000eb2        0x2 
 .text.show_date_time_itm
                0x0000000008000eb4       0x9c ./Core/Src/rtc.o
                0x0000000008000eb4                show_date_time_itm
 .text.show_date_time
                0x0000000008000f50       0xd8 ./Core/Src/rtc.o
                0x0000000008000f50                show_date_time
 .text.rtc_config_time
                0x0000000008001028       0x20 ./Core/Src/rtc.o
                0x0000000008001028                rtc_config_time
 .text.rtc_config_date
                0x0000000008001048       0x20 ./Core/Src/rtc.o
                0x0000000008001048                rtc_config_date
 .text.validate_rtc
                0x0000000008001068       0x64 ./Core/Src/rtc.o
                0x0000000008001068                validate_rtc
 .text.HAL_MspInit
                0x00000000080010cc       0x50 ./Core/Src/stm32f4xx_hal_msp.o
                0x00000000080010cc                HAL_MspInit
 .text.HAL_RTC_MspInit
                0x000000000800111c       0x54 ./Core/Src/stm32f4xx_hal_msp.o
                0x000000000800111c                HAL_RTC_MspInit
 .text.HAL_UART_MspInit
                0x0000000008001170       0xa0 ./Core/Src/stm32f4xx_hal_msp.o
                0x0000000008001170                HAL_UART_MspInit
 .text.HAL_PCD_MspInit
                0x0000000008001210       0xdc ./Core/Src/stm32f4xx_hal_msp.o
                0x0000000008001210                HAL_PCD_MspInit
 .text.HAL_InitTick
                0x00000000080012ec       0xb4 ./Core/Src/stm32f4xx_hal_timebase_tim.o
                0x00000000080012ec                HAL_InitTick
 .text.NMI_Handler
                0x00000000080013a0        0x6 ./Core/Src/stm32f4xx_it.o
                0x00000000080013a0                NMI_Handler
 .text.HardFault_Handler
                0x00000000080013a6        0x6 ./Core/Src/stm32f4xx_it.o
                0x00000000080013a6                HardFault_Handler
 .text.MemManage_Handler
                0x00000000080013ac        0x6 ./Core/Src/stm32f4xx_it.o
                0x00000000080013ac                MemManage_Handler
 .text.BusFault_Handler
                0x00000000080013b2        0x6 ./Core/Src/stm32f4xx_it.o
                0x00000000080013b2                BusFault_Handler
 .text.UsageFault_Handler
                0x00000000080013b8        0x6 ./Core/Src/stm32f4xx_it.o
                0x00000000080013b8                UsageFault_Handler
 .text.DebugMon_Handler
                0x00000000080013be        0xe ./Core/Src/stm32f4xx_it.o
                0x00000000080013be                DebugMon_Handler
 .text.USART3_IRQHandler
                0x00000000080013cc       0x14 ./Core/Src/stm32f4xx_it.o
                0x00000000080013cc                USART3_IRQHandler
 .text.TIM6_DAC_IRQHandler
                0x00000000080013e0       0x14 ./Core/Src/stm32f4xx_it.o
                0x00000000080013e0                TIM6_DAC_IRQHandler
 .text._read    0x00000000080013f4       0x3a ./Core/Src/syscalls.o
                0x00000000080013f4                _read
 .text._write   0x000000000800142e       0x38 ./Core/Src/syscalls.o
                0x000000000800142e                _write
 .text._close   0x0000000008001466       0x18 ./Core/Src/syscalls.o
                0x0000000008001466                _close
 .text._fstat   0x000000000800147e       0x20 ./Core/Src/syscalls.o
                0x000000000800147e                _fstat
 .text._isatty  0x000000000800149e       0x16 ./Core/Src/syscalls.o
                0x000000000800149e                _isatty
 .text._lseek   0x00000000080014b4       0x1a ./Core/Src/syscalls.o
                0x00000000080014b4                _lseek
 *fill*         0x00000000080014ce        0x2 
 .text.SystemInit
                0x00000000080014d0       0x24 ./Core/Src/system_stm32f4xx.o
                0x00000000080014d0                SystemInit
 .text.menu_task_handler
                0x00000000080014f4       0xe0 ./Core/Src/task_handler.o
                0x00000000080014f4                menu_task_handler
 .text.cmd_task_handler
                0x00000000080015d4       0x2e ./Core/Src/task_handler.o
                0x00000000080015d4                cmd_task_handler
 *fill*         0x0000000008001602        0x2 
 .text.process_command
                0x0000000008001604       0x8c ./Core/Src/task_handler.o
                0x0000000008001604                process_command
 .text.extract_command
                0x0000000008001690       0x74 ./Core/Src/task_handler.o
                0x0000000008001690                extract_command
 .text.led_task_handler
                0x0000000008001704      0x110 ./Core/Src/task_handler.o
                0x0000000008001704                led_task_handler
 .text.getnumber
                0x0000000008001814       0x4a ./Core/Src/task_handler.o
                0x0000000008001814                getnumber
 *fill*         0x000000000800185e        0x2 
 .text.rtc_task_handler
                0x0000000008001860      0x4ac ./Core/Src/task_handler.o
                0x0000000008001860                rtc_task_handler
 .text.print_task_handler
                0x0000000008001d0c       0x40 ./Core/Src/task_handler.o
                0x0000000008001d0c                print_task_handler
 .text.Reset_Handler
                0x0000000008001d4c       0x50 ./Core/Startup/startup_stm32f413zhtx.o
                0x0000000008001d4c                Reset_Handler
 .text.Default_Handler
                0x0000000008001d9c        0x2 ./Core/Startup/startup_stm32f413zhtx.o
                0x0000000008001d9c                RTC_Alarm_IRQHandler
                0x0000000008001d9c                EXTI2_IRQHandler
                0x0000000008001d9c                TIM8_CC_IRQHandler
                0x0000000008001d9c                UART8_IRQHandler
                0x0000000008001d9c                FMPI2C1_EV_IRQHandler
                0x0000000008001d9c                SPI4_IRQHandler
                0x0000000008001d9c                TIM1_CC_IRQHandler
                0x0000000008001d9c                DMA2_Stream5_IRQHandler
                0x0000000008001d9c                DMA1_Stream5_IRQHandler
                0x0000000008001d9c                CAN3_RX1_IRQHandler
                0x0000000008001d9c                PVD_IRQHandler
                0x0000000008001d9c                SDIO_IRQHandler
                0x0000000008001d9c                TAMP_STAMP_IRQHandler
                0x0000000008001d9c                CAN2_RX1_IRQHandler
                0x0000000008001d9c                EXTI3_IRQHandler
                0x0000000008001d9c                TIM8_TRG_COM_TIM14_IRQHandler
                0x0000000008001d9c                DFSDM1_FLT1_IRQHandler
                0x0000000008001d9c                TIM1_UP_TIM10_IRQHandler
                0x0000000008001d9c                TIM8_UP_TIM13_IRQHandler
                0x0000000008001d9c                I2C3_ER_IRQHandler
                0x0000000008001d9c                EXTI0_IRQHandler
                0x0000000008001d9c                I2C2_EV_IRQHandler
                0x0000000008001d9c                DMA1_Stream2_IRQHandler
                0x0000000008001d9c                CAN1_RX0_IRQHandler
                0x0000000008001d9c                FPU_IRQHandler
                0x0000000008001d9c                CAN3_SCE_IRQHandler
                0x0000000008001d9c                CAN2_SCE_IRQHandler
                0x0000000008001d9c                DMA2_Stream2_IRQHandler
                0x0000000008001d9c                SPI1_IRQHandler
                0x0000000008001d9c                TIM1_BRK_TIM9_IRQHandler
                0x0000000008001d9c                CAN2_RX0_IRQHandler
                0x0000000008001d9c                DMA2_Stream3_IRQHandler
                0x0000000008001d9c                USART6_IRQHandler
                0x0000000008001d9c                CAN3_RX0_IRQHandler
                0x0000000008001d9c                DFSDM2_FLT3_IRQHandler
                0x0000000008001d9c                CAN1_RX1_IRQHandler
                0x0000000008001d9c                UART5_IRQHandler
                0x0000000008001d9c                DMA2_Stream0_IRQHandler
                0x0000000008001d9c                TIM4_IRQHandler
                0x0000000008001d9c                QUADSPI_IRQHandler
                0x0000000008001d9c                I2C1_EV_IRQHandler
                0x0000000008001d9c                DMA1_Stream6_IRQHandler
                0x0000000008001d9c                DMA1_Stream1_IRQHandler
                0x0000000008001d9c                UART4_IRQHandler
                0x0000000008001d9c                TIM3_IRQHandler
                0x0000000008001d9c                RCC_IRQHandler
                0x0000000008001d9c                UART9_IRQHandler
                0x0000000008001d9c                TIM8_BRK_TIM12_IRQHandler
                0x0000000008001d9c                Default_Handler
                0x0000000008001d9c                EXTI15_10_IRQHandler
                0x0000000008001d9c                ADC_IRQHandler
                0x0000000008001d9c                DMA1_Stream7_IRQHandler
                0x0000000008001d9c                DFSDM2_FLT0_IRQHandler
                0x0000000008001d9c                SPI5_IRQHandler
                0x0000000008001d9c                TIM7_IRQHandler
                0x0000000008001d9c                CAN2_TX_IRQHandler
                0x0000000008001d9c                TIM5_IRQHandler
                0x0000000008001d9c                DMA2_Stream7_IRQHandler
                0x0000000008001d9c                I2C3_EV_IRQHandler
                0x0000000008001d9c                DFSDM2_FLT2_IRQHandler
                0x0000000008001d9c                EXTI9_5_IRQHandler
                0x0000000008001d9c                RTC_WKUP_IRQHandler
                0x0000000008001d9c                SPI2_IRQHandler
                0x0000000008001d9c                DMA1_Stream0_IRQHandler
                0x0000000008001d9c                CAN1_TX_IRQHandler
                0x0000000008001d9c                FMPI2C1_ER_IRQHandler
                0x0000000008001d9c                EXTI4_IRQHandler
                0x0000000008001d9c                DFSDM2_FLT1_IRQHandler
                0x0000000008001d9c                RNG_IRQHandler
                0x0000000008001d9c                FSMC_IRQHandler
                0x0000000008001d9c                WWDG_IRQHandler
                0x0000000008001d9c                CAN3_TX_IRQHandler
                0x0000000008001d9c                TIM2_IRQHandler
                0x0000000008001d9c                OTG_FS_WKUP_IRQHandler
                0x0000000008001d9c                TIM1_TRG_COM_TIM11_IRQHandler
                0x0000000008001d9c                EXTI1_IRQHandler
                0x0000000008001d9c                UART7_IRQHandler
                0x0000000008001d9c                USART2_IRQHandler
                0x0000000008001d9c                DFSDM1_FLT0_IRQHandler
                0x0000000008001d9c                I2C2_ER_IRQHandler
                0x0000000008001d9c                DMA2_Stream1_IRQHandler
                0x0000000008001d9c                CAN1_SCE_IRQHandler
                0x0000000008001d9c                FLASH_IRQHandler
                0x0000000008001d9c                DMA2_Stream4_IRQHandler
                0x0000000008001d9c                USART1_IRQHandler
                0x0000000008001d9c                OTG_FS_IRQHandler
                0x0000000008001d9c                SPI3_IRQHandler
                0x0000000008001d9c                DMA1_Stream4_IRQHandler
                0x0000000008001d9c                I2C1_ER_IRQHandler
                0x0000000008001d9c                LPTIM1_IRQHandler
                0x0000000008001d9c                DMA2_Stream6_IRQHandler
                0x0000000008001d9c                UART10_IRQHandler
                0x0000000008001d9c                SAI1_IRQHandler
                0x0000000008001d9c                DMA1_Stream3_IRQHandler
 *fill*         0x0000000008001d9e        0x2 
 .text.HAL_Init
                0x0000000008001da0       0x44 ./Drivers/STM32F4xx_HAL_Driver/Src/stm32f4xx_hal.o
                0x0000000008001da0                HAL_Init
 .text.HAL_IncTick
                0x0000000008001de4       0x28 ./Drivers/STM32F4xx_HAL_Driver/Src/stm32f4xx_hal.o
                0x0000000008001de4                HAL_IncTick
 .text.HAL_GetTick
                0x0000000008001e0c       0x18 ./Drivers/STM32F4xx_HAL_Driver/Src/stm32f4xx_hal.o
                0x0000000008001e0c                HAL_GetTick
 .text.HAL_Delay
                0x0000000008001e24       0x48 ./Drivers/STM32F4xx_HAL_Driver/Src/stm32f4xx_hal.o
                0x0000000008001e24                HAL_Delay
 .text.__NVIC_SetPriorityGrouping
                0x0000000008001e6c       0x48 ./Drivers/STM32F4xx_HAL_Driver/Src/stm32f4xx_hal_cortex.o
 .text.__NVIC_GetPriorityGrouping
                0x0000000008001eb4       0x1c ./Drivers/STM32F4xx_HAL_Driver/Src/stm32f4xx_hal_cortex.o
 .text.__NVIC_EnableIRQ
                0x0000000008001ed0       0x3c ./Drivers/STM32F4xx_HAL_Driver/Src/stm32f4xx_hal_cortex.o
 .text.__NVIC_SetPriority
                0x0000000008001f0c       0x54 ./Drivers/STM32F4xx_HAL_Driver/Src/stm32f4xx_hal_cortex.o
 .text.NVIC_EncodePriority
                0x0000000008001f60       0x66 ./Drivers/STM32F4xx_HAL_Driver/Src/stm32f4xx_hal_cortex.o
 .text.HAL_NVIC_SetPriorityGrouping
                0x0000000008001fc6       0x16 ./Drivers/STM32F4xx_HAL_Driver/Src/stm32f4xx_hal_cortex.o
                0x0000000008001fc6                HAL_NVIC_SetPriorityGrouping
 .text.HAL_NVIC_SetPriority
                0x0000000008001fdc       0x38 ./Drivers/STM32F4xx_HAL_Driver/Src/stm32f4xx_hal_cortex.o
                0x0000000008001fdc                HAL_NVIC_SetPriority
 .text.HAL_NVIC_EnableIRQ
                0x0000000008002014       0x1c ./Drivers/STM32F4xx_HAL_Driver/Src/stm32f4xx_hal_cortex.o
                0x0000000008002014                HAL_NVIC_EnableIRQ
 .text.HAL_DMA_Abort
                0x0000000008002030       0xe0 ./Drivers/STM32F4xx_HAL_Driver/Src/stm32f4xx_hal_dma.o
                0x0000000008002030                HAL_DMA_Abort
 .text.HAL_DMA_Abort_IT
                0x0000000008002110       0x44 ./Drivers/STM32F4xx_HAL_Driver/Src/stm32f4xx_hal_dma.o
                0x0000000008002110                HAL_DMA_Abort_IT
 .text.HAL_GPIO_Init
                0x0000000008002154      0x328 ./Drivers/STM32F4xx_HAL_Driver/Src/stm32f4xx_hal_gpio.o
                0x0000000008002154                HAL_GPIO_Init
 .text.HAL_GPIO_WritePin
                0x000000000800247c       0x32 ./Drivers/STM32F4xx_HAL_Driver/Src/stm32f4xx_hal_gpio.o
                0x000000000800247c                HAL_GPIO_WritePin
 .text.HAL_GPIO_TogglePin
                0x00000000080024ae       0x34 ./Drivers/STM32F4xx_HAL_Driver/Src/stm32f4xx_hal_gpio.o
                0x00000000080024ae                HAL_GPIO_TogglePin
 .text.HAL_PCD_Init
                0x00000000080024e2      0x248 ./Drivers/STM32F4xx_HAL_Driver/Src/stm32f4xx_hal_pcd.o
                0x00000000080024e2                HAL_PCD_Init
 .text.HAL_PCDEx_ActivateLPM
                0x000000000800272a       0x48 ./Drivers/STM32F4xx_HAL_Driver/Src/stm32f4xx_hal_pcd_ex.o
                0x000000000800272a                HAL_PCDEx_ActivateLPM
 *fill*         0x0000000008002772        0x2 
 .text.HAL_RCC_ClockConfig
                0x0000000008002774      0x1cc ./Drivers/STM32F4xx_HAL_Driver/Src/stm32f4xx_hal_rcc.o
                0x0000000008002774                HAL_RCC_ClockConfig
 .text.HAL_RCC_GetSysClockFreq
                0x0000000008002940      0x1c4 ./Drivers/STM32F4xx_HAL_Driver/Src/stm32f4xx_hal_rcc.o
                0x0000000008002940                HAL_RCC_GetSysClockFreq
 .text.HAL_RCC_GetHCLKFreq
                0x0000000008002b04       0x18 ./Drivers/STM32F4xx_HAL_Driver/Src/stm32f4xx_hal_rcc.o
                0x0000000008002b04                HAL_RCC_GetHCLKFreq
 .text.HAL_RCC_GetPCLK1Freq
                0x0000000008002b1c       0x28 ./Drivers/STM32F4xx_HAL_Driver/Src/stm32f4xx_hal_rcc.o
                0x0000000008002b1c                HAL_RCC_GetPCLK1Freq
 .text.HAL_RCC_GetPCLK2Freq
                0x0000000008002b44       0x28 ./Drivers/STM32F4xx_HAL_Driver/Src/stm32f4xx_hal_rcc.o
                0x0000000008002b44                HAL_RCC_GetPCLK2Freq
 .text.HAL_RCC_GetClockConfig
                0x0000000008002b6c       0x64 ./Drivers/STM32F4xx_HAL_Driver/Src/stm32f4xx_hal_rcc.o
                0x0000000008002b6c                HAL_RCC_GetClockConfig
 .text.HAL_RCCEx_PeriphCLKConfig
                0x0000000008002bd0      0x518 ./Drivers/STM32F4xx_HAL_Driver/Src/stm32f4xx_hal_rcc_ex.o
                0x0000000008002bd0                HAL_RCCEx_PeriphCLKConfig
 .text.HAL_RCC_OscConfig
                0x00000000080030e8      0x508 ./Drivers/STM32F4xx_HAL_Driver/Src/stm32f4xx_hal_rcc_ex.o
                0x00000000080030e8                HAL_RCC_OscConfig
 .text.HAL_RTC_Init
                0x00000000080035f0      0x122 ./Drivers/STM32F4xx_HAL_Driver/Src/stm32f4xx_hal_rtc.o
                0x00000000080035f0                HAL_RTC_Init
 .text.HAL_RTC_SetTime
                0x0000000008003712      0x17a ./Drivers/STM32F4xx_HAL_Driver/Src/stm32f4xx_hal_rtc.o
                0x0000000008003712                HAL_RTC_SetTime
 .text.HAL_RTC_GetTime
                0x000000000800388c       0xbc ./Drivers/STM32F4xx_HAL_Driver/Src/stm32f4xx_hal_rtc.o
                0x000000000800388c                HAL_RTC_GetTime
 .text.HAL_RTC_SetDate
                0x0000000008003948      0x14e ./Drivers/STM32F4xx_HAL_Driver/Src/stm32f4xx_hal_rtc.o
                0x0000000008003948                HAL_RTC_SetDate
 .text.HAL_RTC_GetDate
                0x0000000008003a96       0x9e ./Drivers/STM32F4xx_HAL_Driver/Src/stm32f4xx_hal_rtc.o
                0x0000000008003a96                HAL_RTC_GetDate
 .text.HAL_RTC_WaitForSynchro
                0x0000000008003b34       0x50 ./Drivers/STM32F4xx_HAL_Driver/Src/stm32f4xx_hal_rtc.o
                0x0000000008003b34                HAL_RTC_WaitForSynchro
 .text.RTC_EnterInitMode
                0x0000000008003b84       0x58 ./Drivers/STM32F4xx_HAL_Driver/Src/stm32f4xx_hal_rtc.o
                0x0000000008003b84                RTC_EnterInitMode
 .text.RTC_ByteToBcd2
                0x0000000008003bdc       0x3c ./Drivers/STM32F4xx_HAL_Driver/Src/stm32f4xx_hal_rtc.o
                0x0000000008003bdc                RTC_ByteToBcd2
 .text.RTC_Bcd2ToByte
                0x0000000008003c18       0x3c ./Drivers/STM32F4xx_HAL_Driver/Src/stm32f4xx_hal_rtc.o
                0x0000000008003c18                RTC_Bcd2ToByte
 .text.HAL_TIM_Base_Init
                0x0000000008003c54       0x9e ./Drivers/STM32F4xx_HAL_Driver/Src/stm32f4xx_hal_tim.o
                0x0000000008003c54                HAL_TIM_Base_Init
 .text.HAL_TIM_Base_MspInit
                0x0000000008003cf2       0x14 ./Drivers/STM32F4xx_HAL_Driver/Src/stm32f4xx_hal_tim.o
                0x0000000008003cf2                HAL_TIM_Base_MspInit
 *fill*         0x0000000008003d06        0x2 
 .text.HAL_TIM_Base_Start_IT
                0x0000000008003d08       0xe0 ./Drivers/STM32F4xx_HAL_Driver/Src/stm32f4xx_hal_tim.o
                0x0000000008003d08                HAL_TIM_Base_Start_IT
 .text.HAL_TIM_IRQHandler
                0x0000000008003de8      0x210 ./Drivers/STM32F4xx_HAL_Driver/Src/stm32f4xx_hal_tim.o
                0x0000000008003de8                HAL_TIM_IRQHandler
 .text.HAL_TIM_OC_DelayElapsedCallback
                0x0000000008003ff8       0x14 ./Drivers/STM32F4xx_HAL_Driver/Src/stm32f4xx_hal_tim.o
                0x0000000008003ff8                HAL_TIM_OC_DelayElapsedCallback
 .text.HAL_TIM_IC_CaptureCallback
                0x000000000800400c       0x14 ./Drivers/STM32F4xx_HAL_Driver/Src/stm32f4xx_hal_tim.o
                0x000000000800400c                HAL_TIM_IC_CaptureCallback
 .text.HAL_TIM_PWM_PulseFinishedCallback
                0x0000000008004020       0x14 ./Drivers/STM32F4xx_HAL_Driver/Src/stm32f4xx_hal_tim.o
                0x0000000008004020                HAL_TIM_PWM_PulseFinishedCallback
 .text.HAL_TIM_TriggerCallback
                0x0000000008004034       0x14 ./Drivers/STM32F4xx_HAL_Driver/Src/stm32f4xx_hal_tim.o
                0x0000000008004034                HAL_TIM_TriggerCallback
 .text.TIM_Base_SetConfig
                0x0000000008004048      0x140 ./Drivers/STM32F4xx_HAL_Driver/Src/stm32f4xx_hal_tim.o
                0x0000000008004048                TIM_Base_SetConfig
 .text.HAL_TIMEx_CommutCallback
                0x0000000008004188       0x14 ./Drivers/STM32F4xx_HAL_Driver/Src/stm32f4xx_hal_tim_ex.o
                0x0000000008004188                HAL_TIMEx_CommutCallback
 .text.HAL_TIMEx_BreakCallback
                0x000000000800419c       0x14 ./Drivers/STM32F4xx_HAL_Driver/Src/stm32f4xx_hal_tim_ex.o
                0x000000000800419c                HAL_TIMEx_BreakCallback
 .text.HAL_UART_Init
                0x00000000080041b0       0x9a ./Drivers/STM32F4xx_HAL_Driver/Src/stm32f4xx_hal_uart.o
                0x00000000080041b0                HAL_UART_Init
 .text.HAL_UART_Transmit
                0x000000000800424a      0x124 ./Drivers/STM32F4xx_HAL_Driver/Src/stm32f4xx_hal_uart.o
                0x000000000800424a                HAL_UART_Transmit
 .text.HAL_UART_Receive_IT
                0x000000000800436e       0x60 ./Drivers/STM32F4xx_HAL_Driver/Src/stm32f4xx_hal_uart.o
                0x000000000800436e                HAL_UART_Receive_IT
 *fill*         0x00000000080043ce        0x2 
 .text.HAL_UART_IRQHandler
                0x00000000080043d0      0x51c ./Drivers/STM32F4xx_HAL_Driver/Src/stm32f4xx_hal_uart.o
                0x00000000080043d0                HAL_UART_IRQHandler
 .text.HAL_UART_TxCpltCallback
                0x00000000080048ec       0x14 ./Drivers/STM32F4xx_HAL_Driver/Src/stm32f4xx_hal_uart.o
                0x00000000080048ec                HAL_UART_TxCpltCallback
 .text.HAL_UART_ErrorCallback
                0x0000000008004900       0x14 ./Drivers/STM32F4xx_HAL_Driver/Src/stm32f4xx_hal_uart.o
                0x0000000008004900                HAL_UART_ErrorCallback
 .text.HAL_UARTEx_RxEventCallback
                0x0000000008004914       0x18 ./Drivers/STM32F4xx_HAL_Driver/Src/stm32f4xx_hal_uart.o
                0x0000000008004914                HAL_UARTEx_RxEventCallback
 .text.UART_WaitOnFlagUntilTimeout
                0x000000000800492c       0xdc ./Drivers/STM32F4xx_HAL_Driver/Src/stm32f4xx_hal_uart.o
 .text.UART_Start_Receive_IT
                0x0000000008004a08       0x74 ./Drivers/STM32F4xx_HAL_Driver/Src/stm32f4xx_hal_uart.o
                0x0000000008004a08                UART_Start_Receive_IT
 .text.UART_EndRxTransfer
                0x0000000008004a7c       0xc6 ./Drivers/STM32F4xx_HAL_Driver/Src/stm32f4xx_hal_uart.o
 .text.UART_DMAAbortOnError
                0x0000000008004b42       0x28 ./Drivers/STM32F4xx_HAL_Driver/Src/stm32f4xx_hal_uart.o
 .text.UART_Transmit_IT
                0x0000000008004b6a       0xa0 ./Drivers/STM32F4xx_HAL_Driver/Src/stm32f4xx_hal_uart.o
 .text.UART_EndTransmit_IT
                0x0000000008004c0a       0x30 ./Drivers/STM32F4xx_HAL_Driver/Src/stm32f4xx_hal_uart.o
 .text.UART_Receive_IT
                0x0000000008004c3a      0x176 ./Drivers/STM32F4xx_HAL_Driver/Src/stm32f4xx_hal_uart.o
 .text.UART_SetConfig
                0x0000000008004db0      0x3b0 ./Drivers/STM32F4xx_HAL_Driver/Src/stm32f4xx_hal_uart.o
 .text.USB_CoreInit
                0x0000000008005160       0xc2 ./Drivers/STM32F4xx_HAL_Driver/Src/stm32f4xx_ll_usb.o
                0x0000000008005160                USB_CoreInit
 .text.USB_DisableGlobalInt
                0x0000000008005222       0x22 ./Drivers/STM32F4xx_HAL_Driver/Src/stm32f4xx_ll_usb.o
                0x0000000008005222                USB_DisableGlobalInt
 .text.USB_SetCurrentMode
                0x0000000008005244       0x98 ./Drivers/STM32F4xx_HAL_Driver/Src/stm32f4xx_ll_usb.o
                0x0000000008005244                USB_SetCurrentMode
 .text.USB_DevInit
                0x00000000080052dc      0x2bc ./Drivers/STM32F4xx_HAL_Driver/Src/stm32f4xx_ll_usb.o
                0x00000000080052dc                USB_DevInit
 .text.USB_FlushTxFifo
                0x0000000008005598       0x48 ./Drivers/STM32F4xx_HAL_Driver/Src/stm32f4xx_ll_usb.o
                0x0000000008005598                USB_FlushTxFifo
 .text.USB_FlushRxFifo
                0x00000000080055e0       0x40 ./Drivers/STM32F4xx_HAL_Driver/Src/stm32f4xx_ll_usb.o
                0x00000000080055e0                USB_FlushRxFifo
 .text.USB_SetDevSpeed
                0x0000000008005620       0x32 ./Drivers/STM32F4xx_HAL_Driver/Src/stm32f4xx_ll_usb.o
                0x0000000008005620                USB_SetDevSpeed
 .text.USB_DevDisconnect
                0x0000000008005652       0x42 ./Drivers/STM32F4xx_HAL_Driver/Src/stm32f4xx_ll_usb.o
                0x0000000008005652                USB_DevDisconnect
 .text.USB_GetMode
                0x0000000008005694       0x1c ./Drivers/STM32F4xx_HAL_Driver/Src/stm32f4xx_ll_usb.o
                0x0000000008005694                USB_GetMode
 .text.USB_CoreReset
                0x00000000080056b0       0x64 ./Drivers/STM32F4xx_HAL_Driver/Src/stm32f4xx_ll_usb.o
 .text.vListInitialise
                0x0000000008005714       0x40 ./FreeRtos/list.o
                0x0000000008005714                vListInitialise
 .text.vListInitialiseItem
                0x0000000008005754       0x1a ./FreeRtos/list.o
                0x0000000008005754                vListInitialiseItem
 .text.vListInsert
                0x000000000800576e       0x72 ./FreeRtos/list.o
                0x000000000800576e                vListInsert
 .text.uxListRemove
                0x00000000080057e0       0x54 ./FreeRtos/list.o
                0x00000000080057e0                uxListRemove
 .text.xQueueGenericReset
                0x0000000008005834      0x120 ./FreeRtos/queue.o
                0x0000000008005834                xQueueGenericReset
 .text.xQueueGenericCreate
                0x0000000008005954       0x9c ./FreeRtos/queue.o
                0x0000000008005954                xQueueGenericCreate
 .text.prvInitialiseNewQueue
                0x00000000080059f0       0x46 ./FreeRtos/queue.o
 *fill*         0x0000000008005a36        0x2 
 .text.xQueueGenericSend
                0x0000000008005a38      0x1fc ./FreeRtos/queue.o
                0x0000000008005a38                xQueueGenericSend
 .text.xQueueGenericSendFromISR
                0x0000000008005c34      0x164 ./FreeRtos/queue.o
                0x0000000008005c34                xQueueGenericSendFromISR
 .text.xQueueReceive
                0x0000000008005d98      0x1c0 ./FreeRtos/queue.o
                0x0000000008005d98                xQueueReceive
 .text.xQueueReceiveFromISR
                0x0000000008005f58      0x12e ./FreeRtos/queue.o
                0x0000000008005f58                xQueueReceiveFromISR
 .text.uxQueueMessagesWaiting
                0x0000000008006086       0x3c ./FreeRtos/queue.o
                0x0000000008006086                uxQueueMessagesWaiting
 .text.prvCopyDataToQueue
                0x00000000080060c2       0xd4 ./FreeRtos/queue.o
 .text.prvCopyDataFromQueue
                0x0000000008006196       0x4c ./FreeRtos/queue.o
 .text.prvUnlockQueue
                0x00000000080061e2       0xa4 ./FreeRtos/queue.o
 .text.prvIsQueueEmpty
                0x0000000008006286       0x2c ./FreeRtos/queue.o
 .text.prvIsQueueFull
                0x00000000080062b2       0x30 ./FreeRtos/queue.o
 .text.xQueueIsQueueFullFromISR
                0x00000000080062e2       0x4c ./FreeRtos/queue.o
                0x00000000080062e2                xQueueIsQueueFullFromISR
 *fill*         0x000000000800632e        0x2 
 .text.vQueueAddToRegistry
                0x0000000008006330       0x9c ./FreeRtos/queue.o
                0x0000000008006330                vQueueAddToRegistry
 .text.vQueueWaitForMessageRestricted
                0x00000000080063cc       0x68 ./FreeRtos/queue.o
                0x00000000080063cc                vQueueWaitForMessageRestricted
 .text.xTaskCreate
                0x0000000008006434       0x8c ./FreeRtos/tasks.o
                0x0000000008006434                xTaskCreate
 .text.prvInitialiseNewTask
                0x00000000080064c0      0x11c ./FreeRtos/tasks.o
 .text.prvAddNewTaskToReadyList
                0x00000000080065dc      0x12c ./FreeRtos/tasks.o
 .text.vTaskStartScheduler
                0x0000000008006708       0xa4 ./FreeRtos/tasks.o
                0x0000000008006708                vTaskStartScheduler
 .text.vTaskSuspendAll
                0x00000000080067ac       0x1c ./FreeRtos/tasks.o
                0x00000000080067ac                vTaskSuspendAll
 .text.xTaskResumeAll
                0x00000000080067c8      0x1f8 ./FreeRtos/tasks.o
                0x00000000080067c8                xTaskResumeAll
 .text.xTaskGetTickCount
                0x00000000080069c0       0x20 ./FreeRtos/tasks.o
                0x00000000080069c0                xTaskGetTickCount
 .text.uxTaskGetNumberOfTasks
                0x00000000080069e0       0x18 ./FreeRtos/tasks.o
                0x00000000080069e0                uxTaskGetNumberOfTasks
 .text.xTaskIncrementTick
                0x00000000080069f8      0x22c ./FreeRtos/tasks.o
                0x00000000080069f8                xTaskIncrementTick
 .text.vTaskSwitchContext
                0x0000000008006c24       0xb8 ./FreeRtos/tasks.o
                0x0000000008006c24                vTaskSwitchContext
 .text.vTaskPlaceOnEventList
                0x0000000008006cdc       0x48 ./FreeRtos/tasks.o
                0x0000000008006cdc                vTaskPlaceOnEventList
 .text.vTaskPlaceOnEventListRestricted
                0x0000000008006d24       0x8c ./FreeRtos/tasks.o
                0x0000000008006d24                vTaskPlaceOnEventListRestricted
 .text.xTaskRemoveFromEventList
                0x0000000008006db0      0x1ac ./FreeRtos/tasks.o
                0x0000000008006db0                xTaskRemoveFromEventList
 .text.vTaskInternalSetTimeOutState
                0x0000000008006f5c       0x2c ./FreeRtos/tasks.o
                0x0000000008006f5c                vTaskInternalSetTimeOutState
 .text.xTaskCheckForTimeOut
                0x0000000008006f88       0xcc ./FreeRtos/tasks.o
                0x0000000008006f88                xTaskCheckForTimeOut
 .text.vTaskMissedYield
                0x0000000008007054       0x18 ./FreeRtos/tasks.o
                0x0000000008007054                vTaskMissedYield
 .text.prvIdleTask
                0x000000000800706c       0x30 ./FreeRtos/tasks.o
 .text.prvInitialiseTaskLists
                0x000000000800709c       0x80 ./FreeRtos/tasks.o
 .text.prvCheckTasksWaitingTermination
                0x000000000800711c       0x5c ./FreeRtos/tasks.o
 .text.prvDeleteTCB
                0x0000000008007178       0x20 ./FreeRtos/tasks.o
 .text.prvResetNextTaskUnblockTime
                0x0000000008007198       0x38 ./FreeRtos/tasks.o
 .text.xTaskGetSchedulerState
                0x00000000080071d0       0x3c ./FreeRtos/tasks.o
                0x00000000080071d0                xTaskGetSchedulerState
 .text.xTaskPriorityDisinherit
                0x000000000800720c      0x148 ./FreeRtos/tasks.o
                0x000000000800720c                xTaskPriorityDisinherit
 .text.xTaskGenericNotifyWait
                0x0000000008007354      0x100 ./FreeRtos/tasks.o
                0x0000000008007354                xTaskGenericNotifyWait
 .text.xTaskGenericNotify
                0x0000000008007454      0x244 ./FreeRtos/tasks.o
                0x0000000008007454                xTaskGenericNotify
 .text.xTaskGenericNotifyFromISR
                0x0000000008007698      0x2b8 ./FreeRtos/tasks.o
                0x0000000008007698                xTaskGenericNotifyFromISR
 .text.prvAddCurrentTaskToDelayedList
                0x0000000008007950      0x100 ./FreeRtos/tasks.o
 .text.xTimerCreateTimerTask
                0x0000000008007a50       0x64 ./FreeRtos/timers.o
                0x0000000008007a50                xTimerCreateTimerTask
 .text.xTimerCreate
                0x0000000008007ab4       0x42 ./FreeRtos/timers.o
                0x0000000008007ab4                xTimerCreate
 .text.prvInitialiseNewTimer
                0x0000000008007af6       0x70 ./FreeRtos/timers.o
 *fill*         0x0000000008007b66        0x2 
 .text.xTimerGenericCommand
                0x0000000008007b68       0x9c ./FreeRtos/timers.o
                0x0000000008007b68                xTimerGenericCommand
 .text.prvReloadTimer
                0x0000000008007c04       0x42 ./FreeRtos/timers.o
 *fill*         0x0000000008007c46        0x2 
 .text.prvProcessExpiredTimer
                0x0000000008007c48       0x60 ./FreeRtos/timers.o
 .text.prvTimerTask
                0x0000000008007ca8       0x24 ./FreeRtos/timers.o
 .text.prvProcessTimerOrBlockTask
                0x0000000008007ccc       0x9c ./FreeRtos/timers.o
 .text.prvGetNextExpireTime
                0x0000000008007d68       0x48 ./FreeRtos/timers.o
 .text.prvSampleTimeNow
                0x0000000008007db0       0x40 ./FreeRtos/timers.o
 .text.prvInsertTimerInActiveList
                0x0000000008007df0       0x84 ./FreeRtos/timers.o
 .text.prvProcessReceivedCommands
                0x0000000008007e74      0x17c ./FreeRtos/timers.o
 .text.prvSwitchTimerLists
                0x0000000008007ff0       0x4c ./FreeRtos/timers.o
 .text.prvCheckForValidListAndQueue
                0x000000000800803c       0x6c ./FreeRtos/timers.o
 .text.xTimerIsTimerActive
                0x00000000080080a8       0x52 ./FreeRtos/timers.o
                0x00000000080080a8                xTimerIsTimerActive
 .text.pvTimerGetTimerID
                0x00000000080080fa       0x40 ./FreeRtos/timers.o
                0x00000000080080fa                pvTimerGetTimerID
 *fill*         0x000000000800813a        0x2 
 .text.pxPortInitialiseStack
                0x000000000800813c       0x68 ./FreeRtos/portable/GCC/ARM_CM4F/port.o
                0x000000000800813c                pxPortInitialiseStack
 .text.prvTaskExitError
                0x00000000080081a4       0x58 ./FreeRtos/portable/GCC/ARM_CM4F/port.o
 *fill*         0x00000000080081fc        0x4 
 .text.SVC_Handler
                0x0000000008008200       0x28 ./FreeRtos/portable/GCC/ARM_CM4F/port.o
                0x0000000008008200                SVC_Handler
 .text.prvPortStartFirstTask
                0x0000000008008228       0x2c ./FreeRtos/portable/GCC/ARM_CM4F/port.o
 .text.xPortStartScheduler
                0x0000000008008254      0x144 ./FreeRtos/portable/GCC/ARM_CM4F/port.o
                0x0000000008008254                xPortStartScheduler
 .text.vPortEnterCritical
                0x0000000008008398       0x60 ./FreeRtos/portable/GCC/ARM_CM4F/port.o
                0x0000000008008398                vPortEnterCritical
 .text.vPortExitCritical
                0x00000000080083f8       0x54 ./FreeRtos/portable/GCC/ARM_CM4F/port.o
                0x00000000080083f8                vPortExitCritical
 *fill*         0x000000000800844c        0x4 
 .text.PendSV_Handler
                0x0000000008008450       0x68 ./FreeRtos/portable/GCC/ARM_CM4F/port.o
                0x0000000008008450                PendSV_Handler
 .text.SysTick_Handler
                0x00000000080084b8       0x44 ./FreeRtos/portable/GCC/ARM_CM4F/port.o
                0x00000000080084b8                SysTick_Handler
 .text.vPortSetupTimerInterrupt
                0x00000000080084fc       0x48 ./FreeRtos/portable/GCC/ARM_CM4F/port.o
                0x00000000080084fc                vPortSetupTimerInterrupt
 .text.vPortEnableVFP
                0x0000000008008544       0x18 ./FreeRtos/portable/GCC/ARM_CM4F/port.o
 .text.vPortValidateInterruptPriority
                0x000000000800855c       0x80 ./FreeRtos/portable/GCC/ARM_CM4F/port.o
                0x000000000800855c                vPortValidateInterruptPriority
 .text.pvPortMalloc
                0x00000000080085dc      0x174 ./FreeRtos/portable/MemMang/heap_4.o
                0x00000000080085dc                pvPortMalloc
 .text.vPortFree
                0x0000000008008750       0xb8 ./FreeRtos/portable/MemMang/heap_4.o
                0x0000000008008750                vPortFree
 .text.prvHeapInit
                0x0000000008008808       0xb8 ./FreeRtos/portable/MemMang/heap_4.o
 .text.prvInsertBlockIntoFreeList
                0x00000000080088c0       0xb4 ./FreeRtos/portable/MemMang/heap_4.o
 .text.__libc_init_array
                0x0000000008008974       0x48 /opt/st/stm32cubeide_1.8.0/plugins/com.st.stm32cube.ide.mcu.externaltools.gnu-tools-for-stm32.9-2020-q2-update.linux64_2.0.0.202105311346/tools/bin/../lib/gcc/arm-none-eabi/9.3.1/../../../../arm-none-eabi/lib/thumb/v7e-m+fp/hard/libc_nano.a(lib_a-init.o)
                0x0000000008008974                __libc_init_array
 .text.memcpy   0x00000000080089bc       0x1c /opt/st/stm32cubeide_1.8.0/plugins/com.st.stm32cube.ide.mcu.externaltools.gnu-tools-for-stm32.9-2020-q2-update.linux64_2.0.0.202105311346/tools/bin/../lib/gcc/arm-none-eabi/9.3.1/../../../../arm-none-eabi/lib/thumb/v7e-m+fp/hard/libc_nano.a(lib_a-memcpy-stub.o)
                0x00000000080089bc                memcpy
 .text.memset   0x00000000080089d8       0x10 /opt/st/stm32cubeide_1.8.0/plugins/com.st.stm32cube.ide.mcu.externaltools.gnu-tools-for-stm32.9-2020-q2-update.linux64_2.0.0.202105311346/tools/bin/../lib/gcc/arm-none-eabi/9.3.1/../../../../arm-none-eabi/lib/thumb/v7e-m+fp/hard/libc_nano.a(lib_a-memset.o)
                0x00000000080089d8                memset
 .text.printf   0x00000000080089e8       0x30 /opt/st/stm32cubeide_1.8.0/plugins/com.st.stm32cube.ide.mcu.externaltools.gnu-tools-for-stm32.9-2020-q2-update.linux64_2.0.0.202105311346/tools/bin/../lib/gcc/arm-none-eabi/9.3.1/../../../../arm-none-eabi/lib/thumb/v7e-m+fp/hard/libc_nano.a(lib_a-printf.o)
                0x00000000080089e8                printf
                0x00000000080089e8                iprintf
 .text.sprintf  0x0000000008008a18       0x40 /opt/st/stm32cubeide_1.8.0/plugins/com.st.stm32cube.ide.mcu.externaltools.gnu-tools-for-stm32.9-2020-q2-update.linux64_2.0.0.202105311346/tools/bin/../lib/gcc/arm-none-eabi/9.3.1/../../../../arm-none-eabi/lib/thumb/v7e-m+fp/hard/libc_nano.a(lib_a-sprintf.o)
                0x0000000008008a18                sprintf
                0x0000000008008a18                siprintf
 .text.std      0x0000000008008a58       0x48 /opt/st/stm32cubeide_1.8.0/plugins/com.st.stm32cube.ide.mcu.externaltools.gnu-tools-for-stm32.9-2020-q2-update.linux64_2.0.0.202105311346/tools/bin/../lib/gcc/arm-none-eabi/9.3.1/../../../../arm-none-eabi/lib/thumb/v7e-m+fp/hard/libc_nano.a(lib_a-findfp.o)
 .text._cleanup_r
                0x0000000008008aa0        0xc /opt/st/stm32cubeide_1.8.0/plugins/com.st.stm32cube.ide.mcu.externaltools.gnu-tools-for-stm32.9-2020-q2-update.linux64_2.0.0.202105311346/tools/bin/../lib/gcc/arm-none-eabi/9.3.1/../../../../arm-none-eabi/lib/thumb/v7e-m+fp/hard/libc_nano.a(lib_a-findfp.o)
                0x0000000008008aa0                _cleanup_r
 .text.__sfmoreglue
                0x0000000008008aac       0x2c /opt/st/stm32cubeide_1.8.0/plugins/com.st.stm32cube.ide.mcu.externaltools.gnu-tools-for-stm32.9-2020-q2-update.linux64_2.0.0.202105311346/tools/bin/../lib/gcc/arm-none-eabi/9.3.1/../../../../arm-none-eabi/lib/thumb/v7e-m+fp/hard/libc_nano.a(lib_a-findfp.o)
                0x0000000008008aac                __sfmoreglue
 .text.__sfp_lock_acquire
                0x0000000008008ad8        0xc /opt/st/stm32cubeide_1.8.0/plugins/com.st.stm32cube.ide.mcu.externaltools.gnu-tools-for-stm32.9-2020-q2-update.linux64_2.0.0.202105311346/tools/bin/../lib/gcc/arm-none-eabi/9.3.1/../../../../arm-none-eabi/lib/thumb/v7e-m+fp/hard/libc_nano.a(lib_a-findfp.o)
                0x0000000008008ad8                __sfp_lock_acquire
 .text.__sfp_lock_release
                0x0000000008008ae4        0xc /opt/st/stm32cubeide_1.8.0/plugins/com.st.stm32cube.ide.mcu.externaltools.gnu-tools-for-stm32.9-2020-q2-update.linux64_2.0.0.202105311346/tools/bin/../lib/gcc/arm-none-eabi/9.3.1/../../../../arm-none-eabi/lib/thumb/v7e-m+fp/hard/libc_nano.a(lib_a-findfp.o)
                0x0000000008008ae4                __sfp_lock_release
 .text.__sinit_lock_acquire
                0x0000000008008af0        0xc /opt/st/stm32cubeide_1.8.0/plugins/com.st.stm32cube.ide.mcu.externaltools.gnu-tools-for-stm32.9-2020-q2-update.linux64_2.0.0.202105311346/tools/bin/../lib/gcc/arm-none-eabi/9.3.1/../../../../arm-none-eabi/lib/thumb/v7e-m+fp/hard/libc_nano.a(lib_a-findfp.o)
                0x0000000008008af0                __sinit_lock_acquire
 .text.__sinit_lock_release
                0x0000000008008afc        0xc /opt/st/stm32cubeide_1.8.0/plugins/com.st.stm32cube.ide.mcu.externaltools.gnu-tools-for-stm32.9-2020-q2-update.linux64_2.0.0.202105311346/tools/bin/../lib/gcc/arm-none-eabi/9.3.1/../../../../arm-none-eabi/lib/thumb/v7e-m+fp/hard/libc_nano.a(lib_a-findfp.o)
                0x0000000008008afc                __sinit_lock_release
 .text.__sinit  0x0000000008008b08       0x70 /opt/st/stm32cubeide_1.8.0/plugins/com.st.stm32cube.ide.mcu.externaltools.gnu-tools-for-stm32.9-2020-q2-update.linux64_2.0.0.202105311346/tools/bin/../lib/gcc/arm-none-eabi/9.3.1/../../../../arm-none-eabi/lib/thumb/v7e-m+fp/hard/libc_nano.a(lib_a-findfp.o)
                0x0000000008008b08                __sinit
 .text.__sfp    0x0000000008008b78       0x8c /opt/st/stm32cubeide_1.8.0/plugins/com.st.stm32cube.ide.mcu.externaltools.gnu-tools-for-stm32.9-2020-q2-update.linux64_2.0.0.202105311346/tools/bin/../lib/gcc/arm-none-eabi/9.3.1/../../../../arm-none-eabi/lib/thumb/v7e-m+fp/hard/libc_nano.a(lib_a-findfp.o)
                0x0000000008008b78                __sfp
 .text._fwalk_reent
                0x0000000008008c04       0x3e /opt/st/stm32cubeide_1.8.0/plugins/com.st.stm32cube.ide.mcu.externaltools.gnu-tools-for-stm32.9-2020-q2-update.linux64_2.0.0.202105311346/tools/bin/../lib/gcc/arm-none-eabi/9.3.1/../../../../arm-none-eabi/lib/thumb/v7e-m+fp/hard/libc_nano.a(lib_a-fwalk.o)
                0x0000000008008c04                _fwalk_reent
 .text.__retarget_lock_init_recursive
                0x0000000008008c42        0x2 /opt/st/stm32cubeide_1.8.0/plugins/com.st.stm32cube.ide.mcu.externaltools.gnu-tools-for-stm32.9-2020-q2-update.linux64_2.0.0.202105311346/tools/bin/../lib/gcc/arm-none-eabi/9.3.1/../../../../arm-none-eabi/lib/thumb/v7e-m+fp/hard/libc_nano.a(lib_a-lock.o)
                0x0000000008008c42                __retarget_lock_init_recursive
 .text.__retarget_lock_acquire_recursive
                0x0000000008008c44        0x2 /opt/st/stm32cubeide_1.8.0/plugins/com.st.stm32cube.ide.mcu.externaltools.gnu-tools-for-stm32.9-2020-q2-update.linux64_2.0.0.202105311346/tools/bin/../lib/gcc/arm-none-eabi/9.3.1/../../../../arm-none-eabi/lib/thumb/v7e-m+fp/hard/libc_nano.a(lib_a-lock.o)
                0x0000000008008c44                __retarget_lock_acquire_recursive
 .text.__retarget_lock_release_recursive
                0x0000000008008c46        0x2 /opt/st/stm32cubeide_1.8.0/plugins/com.st.stm32cube.ide.mcu.externaltools.gnu-tools-for-stm32.9-2020-q2-update.linux64_2.0.0.202105311346/tools/bin/../lib/gcc/arm-none-eabi/9.3.1/../../../../arm-none-eabi/lib/thumb/v7e-m+fp/hard/libc_nano.a(lib_a-lock.o)
                0x0000000008008c46                __retarget_lock_release_recursive
 .text._malloc_r
                0x0000000008008c48       0xb4 /opt/st/stm32cubeide_1.8.0/plugins/com.st.stm32cube.ide.mcu.externaltools.gnu-tools-for-stm32.9-2020-q2-update.linux64_2.0.0.202105311346/tools/bin/../lib/gcc/arm-none-eabi/9.3.1/../../../../arm-none-eabi/lib/thumb/v7e-m+fp/hard/libc_nano.a(lib_a-nano-mallocr.o)
                0x0000000008008c48                _malloc_r
 .text.__ssputs_r
                0x0000000008008cfc       0xb6 /opt/st/stm32cubeide_1.8.0/plugins/com.st.stm32cube.ide.mcu.externaltools.gnu-tools-for-stm32.9-2020-q2-update.linux64_2.0.0.202105311346/tools/bin/../lib/gcc/arm-none-eabi/9.3.1/../../../../arm-none-eabi/lib/thumb/v7e-m+fp/hard/libc_nano.a(lib_a-nano-svfprintf.o)
                0x0000000008008cfc                __ssputs_r
 *fill*         0x0000000008008db2        0x2 
 .text._svfprintf_r
                0x0000000008008db4      0x200 /opt/st/stm32cubeide_1.8.0/plugins/com.st.stm32cube.ide.mcu.externaltools.gnu-tools-for-stm32.9-2020-q2-update.linux64_2.0.0.202105311346/tools/bin/../lib/gcc/arm-none-eabi/9.3.1/../../../../arm-none-eabi/lib/thumb/v7e-m+fp/hard/libc_nano.a(lib_a-nano-svfprintf.o)
                0x0000000008008db4                _svfprintf_r
                0x0000000008008db4                _svfiprintf_r
 .text.__sfputc_r
                0x0000000008008fb4       0x2e /opt/st/stm32cubeide_1.8.0/plugins/com.st.stm32cube.ide.mcu.externaltools.gnu-tools-for-stm32.9-2020-q2-update.linux64_2.0.0.202105311346/tools/bin/../lib/gcc/arm-none-eabi/9.3.1/../../../../arm-none-eabi/lib/thumb/v7e-m+fp/hard/libc_nano.a(lib_a-nano-vfprintf.o)
 .text.__sfputs_r
                0x0000000008008fe2       0x24 /opt/st/stm32cubeide_1.8.0/plugins/com.st.stm32cube.ide.mcu.externaltools.gnu-tools-for-stm32.9-2020-q2-update.linux64_2.0.0.202105311346/tools/bin/../lib/gcc/arm-none-eabi/9.3.1/../../../../arm-none-eabi/lib/thumb/v7e-m+fp/hard/libc_nano.a(lib_a-nano-vfprintf.o)
                0x0000000008008fe2                __sfputs_r
 *fill*         0x0000000008009006        0x2 
 .text._vfprintf_r
                0x0000000008009008      0x260 /opt/st/stm32cubeide_1.8.0/plugins/com.st.stm32cube.ide.mcu.externaltools.gnu-tools-for-stm32.9-2020-q2-update.linux64_2.0.0.202105311346/tools/bin/../lib/gcc/arm-none-eabi/9.3.1/../../../../arm-none-eabi/lib/thumb/v7e-m+fp/hard/libc_nano.a(lib_a-nano-vfprintf.o)
                0x0000000008009008                _vfiprintf_r
                0x0000000008009008                _vfprintf_r
 .text._printf_common
                0x0000000008009268       0xda /opt/st/stm32cubeide_1.8.0/plugins/com.st.stm32cube.ide.mcu.externaltools.gnu-tools-for-stm32.9-2020-q2-update.linux64_2.0.0.202105311346/tools/bin/../lib/gcc/arm-none-eabi/9.3.1/../../../../arm-none-eabi/lib/thumb/v7e-m+fp/hard/libc_nano.a(lib_a-nano-vfprintf_i.o)
                0x0000000008009268                _printf_common
 *fill*         0x0000000008009342        0x2 
 .text._printf_i
                0x0000000008009344      0x24c /opt/st/stm32cubeide_1.8.0/plugins/com.st.stm32cube.ide.mcu.externaltools.gnu-tools-for-stm32.9-2020-q2-update.linux64_2.0.0.202105311346/tools/bin/../lib/gcc/arm-none-eabi/9.3.1/../../../../arm-none-eabi/lib/thumb/v7e-m+fp/hard/libc_nano.a(lib_a-nano-vfprintf_i.o)
                0x0000000008009344                _printf_i
 .text._sbrk_r  0x0000000008009590       0x20 /opt/st/stm32cubeide_1.8.0/plugins/com.st.stm32cube.ide.mcu.externaltools.gnu-tools-for-stm32.9-2020-q2-update.linux64_2.0.0.202105311346/tools/bin/../lib/gcc/arm-none-eabi/9.3.1/../../../../arm-none-eabi/lib/thumb/v7e-m+fp/hard/libc_nano.a(lib_a-sbrkr.o)
                0x0000000008009590                _sbrk_r
 .text.__sread  0x00000000080095b0       0x22 /opt/st/stm32cubeide_1.8.0/plugins/com.st.stm32cube.ide.mcu.externaltools.gnu-tools-for-stm32.9-2020-q2-update.linux64_2.0.0.202105311346/tools/bin/../lib/gcc/arm-none-eabi/9.3.1/../../../../arm-none-eabi/lib/thumb/v7e-m+fp/hard/libc_nano.a(lib_a-stdio.o)
                0x00000000080095b0                __sread
 .text.__swrite
                0x00000000080095d2       0x38 /opt/st/stm32cubeide_1.8.0/plugins/com.st.stm32cube.ide.mcu.externaltools.gnu-tools-for-stm32.9-2020-q2-update.linux64_2.0.0.202105311346/tools/bin/../lib/gcc/arm-none-eabi/9.3.1/../../../../arm-none-eabi/lib/thumb/v7e-m+fp/hard/libc_nano.a(lib_a-stdio.o)
                0x00000000080095d2                __swrite
 .text.__sseek  0x000000000800960a       0x24 /opt/st/stm32cubeide_1.8.0/plugins/com.st.stm32cube.ide.mcu.externaltools.gnu-tools-for-stm32.9-2020-q2-update.linux64_2.0.0.202105311346/tools/bin/../lib/gcc/arm-none-eabi/9.3.1/../../../../arm-none-eabi/lib/thumb/v7e-m+fp/hard/libc_nano.a(lib_a-stdio.o)
                0x000000000800960a                __sseek
 .text.__sclose
                0x000000000800962e        0x8 /opt/st/stm32cubeide_1.8.0/plugins/com.st.stm32cube.ide.mcu.externaltools.gnu-tools-for-stm32.9-2020-q2-update.linux64_2.0.0.202105311346/tools/bin/../lib/gcc/arm-none-eabi/9.3.1/../../../../arm-none-eabi/lib/thumb/v7e-m+fp/hard/libc_nano.a(lib_a-stdio.o)
                0x000000000800962e                __sclose
 *fill*         0x0000000008009636        0x2 
 .text.__swbuf_r
                0x0000000008009638       0xa4 /opt/st/stm32cubeide_1.8.0/plugins/com.st.stm32cube.ide.mcu.externaltools.gnu-tools-for-stm32.9-2020-q2-update.linux64_2.0.0.202105311346/tools/bin/../lib/gcc/arm-none-eabi/9.3.1/../../../../arm-none-eabi/lib/thumb/v7e-m+fp/hard/libc_nano.a(lib_a-wbuf.o)
                0x0000000008009638                __swbuf_r
 .text._write_r
                0x00000000080096dc       0x24 /opt/st/stm32cubeide_1.8.0/plugins/com.st.stm32cube.ide.mcu.externaltools.gnu-tools-for-stm32.9-2020-q2-update.linux64_2.0.0.202105311346/tools/bin/../lib/gcc/arm-none-eabi/9.3.1/../../../../arm-none-eabi/lib/thumb/v7e-m+fp/hard/libc_nano.a(lib_a-writer.o)
                0x00000000080096dc                _write_r
 .text.__swsetup_r
                0x0000000008009700       0xdc /opt/st/stm32cubeide_1.8.0/plugins/com.st.stm32cube.ide.mcu.externaltools.gnu-tools-for-stm32.9-2020-q2-update.linux64_2.0.0.202105311346/tools/bin/../lib/gcc/arm-none-eabi/9.3.1/../../../../arm-none-eabi/lib/thumb/v7e-m+fp/hard/libc_nano.a(lib_a-wsetup.o)
                0x0000000008009700                __swsetup_r
 .text._close_r
                0x00000000080097dc       0x20 /opt/st/stm32cubeide_1.8.0/plugins/com.st.stm32cube.ide.mcu.externaltools.gnu-tools-for-stm32.9-2020-q2-update.linux64_2.0.0.202105311346/tools/bin/../lib/gcc/arm-none-eabi/9.3.1/../../../../arm-none-eabi/lib/thumb/v7e-m+fp/hard/libc_nano.a(lib_a-closer.o)
                0x00000000080097dc                _close_r
 .text.__sflush_r
                0x00000000080097fc      0x10c /opt/st/stm32cubeide_1.8.0/plugins/com.st.stm32cube.ide.mcu.externaltools.gnu-tools-for-stm32.9-2020-q2-update.linux64_2.0.0.202105311346/tools/bin/../lib/gcc/arm-none-eabi/9.3.1/../../../../arm-none-eabi/lib/thumb/v7e-m+fp/hard/libc_nano.a(lib_a-fflush.o)
                0x00000000080097fc                __sflush_r
 .text._fflush_r
                0x0000000008009908       0x78 /opt/st/stm32cubeide_1.8.0/plugins/com.st.stm32cube.ide.mcu.externaltools.gnu-tools-for-stm32.9-2020-q2-update.linux64_2.0.0.202105311346/tools/bin/../lib/gcc/arm-none-eabi/9.3.1/../../../../arm-none-eabi/lib/thumb/v7e-m+fp/hard/libc_nano.a(lib_a-fflush.o)
                0x0000000008009908                _fflush_r
 .text._lseek_r
                0x0000000008009980       0x24 /opt/st/stm32cubeide_1.8.0/plugins/com.st.stm32cube.ide.mcu.externaltools.gnu-tools-for-stm32.9-2020-q2-update.linux64_2.0.0.202105311346/tools/bin/../lib/gcc/arm-none-eabi/9.3.1/../../../../arm-none-eabi/lib/thumb/v7e-m+fp/hard/libc_nano.a(lib_a-lseekr.o)
                0x0000000008009980                _lseek_r
 .text.__swhatbuf_r
                0x00000000080099a4       0x48 /opt/st/stm32cubeide_1.8.0/plugins/com.st.stm32cube.ide.mcu.externaltools.gnu-tools-for-stm32.9-2020-q2-update.linux64_2.0.0.202105311346/tools/bin/../lib/gcc/arm-none-eabi/9.3.1/../../../../arm-none-eabi/lib/thumb/v7e-m+fp/hard/libc_nano.a(lib_a-makebuf.o)
                0x00000000080099a4                __swhatbuf_r
 .text.__smakebuf_r
                0x00000000080099ec       0x80 /opt/st/stm32cubeide_1.8.0/plugins/com.st.stm32cube.ide.mcu.externaltools.gnu-tools-for-stm32.9-2020-q2-update.linux64_2.0.0.202105311346/tools/bin/../lib/gcc/arm-none-eabi/9.3.1/../../../../arm-none-eabi/lib/thumb/v7e-m+fp/hard/libc_nano.a(lib_a-makebuf.o)
                0x00000000080099ec                __smakebuf_r
 .text.memmove  0x0000000008009a6c       0x34 /opt/st/stm32cubeide_1.8.0/plugins/com.st.stm32cube.ide.mcu.externaltools.gnu-tools-for-stm32.9-2020-q2-update.linux64_2.0.0.202105311346/tools/bin/../lib/gcc/arm-none-eabi/9.3.1/../../../../arm-none-eabi/lib/thumb/v7e-m+fp/hard/libc_nano.a(lib_a-memmove.o)
                0x0000000008009a6c                memmove
 .text.__malloc_lock
                0x0000000008009aa0        0xc /opt/st/stm32cubeide_1.8.0/plugins/com.st.stm32cube.ide.mcu.externaltools.gnu-tools-for-stm32.9-2020-q2-update.linux64_2.0.0.202105311346/tools/bin/../lib/gcc/arm-none-eabi/9.3.1/../../../../arm-none-eabi/lib/thumb/v7e-m+fp/hard/libc_nano.a(lib_a-mlock.o)
                0x0000000008009aa0                __malloc_lock
 .text.__malloc_unlock
                0x0000000008009aac        0xc /opt/st/stm32cubeide_1.8.0/plugins/com.st.stm32cube.ide.mcu.externaltools.gnu-tools-for-stm32.9-2020-q2-update.linux64_2.0.0.202105311346/tools/bin/../lib/gcc/arm-none-eabi/9.3.1/../../../../arm-none-eabi/lib/thumb/v7e-m+fp/hard/libc_nano.a(lib_a-mlock.o)
                0x0000000008009aac                __malloc_unlock
 .text._free_r  0x0000000008009ab8       0xa0 /opt/st/stm32cubeide_1.8.0/plugins/com.st.stm32cube.ide.mcu.externaltools.gnu-tools-for-stm32.9-2020-q2-update.linux64_2.0.0.202105311346/tools/bin/../lib/gcc/arm-none-eabi/9.3.1/../../../../arm-none-eabi/lib/thumb/v7e-m+fp/hard/libc_nano.a(lib_a-nano-freer.o)
                0x0000000008009ab8                _free_r
 .text._realloc_r
                0x0000000008009b58       0x4c /opt/st/stm32cubeide_1.8.0/plugins/com.st.stm32cube.ide.mcu.externaltools.gnu-tools-for-stm32.9-2020-q2-update.linux64_2.0.0.202105311346/tools/bin/../lib/gcc/arm-none-eabi/9.3.1/../../../../arm-none-eabi/lib/thumb/v7e-m+fp/hard/libc_nano.a(lib_a-nano-reallocr.o)
                0x0000000008009b58                _realloc_r
 .text._read_r  0x0000000008009ba4       0x24 /opt/st/stm32cubeide_1.8.0/plugins/com.st.stm32cube.ide.mcu.externaltools.gnu-tools-for-stm32.9-2020-q2-update.linux64_2.0.0.202105311346/tools/bin/../lib/gcc/arm-none-eabi/9.3.1/../../../../arm-none-eabi/lib/thumb/v7e-m+fp/hard/libc_nano.a(lib_a-readr.o)
                0x0000000008009ba4                _read_r
 .text._fstat_r
                0x0000000008009bc8       0x24 /opt/st/stm32cubeide_1.8.0/plugins/com.st.stm32cube.ide.mcu.externaltools.gnu-tools-for-stm32.9-2020-q2-update.linux64_2.0.0.202105311346/tools/bin/../lib/gcc/arm-none-eabi/9.3.1/../../../../arm-none-eabi/lib/thumb/v7e-m+fp/hard/libc_nano.a(lib_a-fstatr.o)
                0x0000000008009bc8                _fstat_r
 .text._isatty_r
                0x0000000008009bec       0x20 /opt/st/stm32cubeide_1.8.0/plugins/com.st.stm32cube.ide.mcu.externaltools.gnu-tools-for-stm32.9-2020-q2-update.linux64_2.0.0.202105311346/tools/bin/../lib/gcc/arm-none-eabi/9.3.1/../../../../arm-none-eabi/lib/thumb/v7e-m+fp/hard/libc_nano.a(lib_a-isattyr.o)
                0x0000000008009bec                _isatty_r
 .text._malloc_usable_size_r
                0x0000000008009c0c       0x10 /opt/st/stm32cubeide_1.8.0/plugins/com.st.stm32cube.ide.mcu.externaltools.gnu-tools-for-stm32.9-2020-q2-update.linux64_2.0.0.202105311346/tools/bin/../lib/gcc/arm-none-eabi/9.3.1/../../../../arm-none-eabi/lib/thumb/v7e-m+fp/hard/libc_nano.a(lib_a-nano-msizer.o)
                0x0000000008009c0c                _malloc_usable_size_r
 .text._sbrk    0x0000000008009c1c       0x1c /opt/st/stm32cubeide_1.8.0/plugins/com.st.stm32cube.ide.mcu.externaltools.gnu-tools-for-stm32.9-2020-q2-update.linux64_2.0.0.202105311346/tools/bin/../lib/gcc/arm-none-eabi/9.3.1/../../../../arm-none-eabi/lib/thumb/v7e-m+fp/hard/libnosys.a(sbrk.o)
                0x0000000008009c1c                _sbrk
 *(.glue_7)
 .glue_7        0x0000000008009c38        0x0 linker stubs
 *(.glue_7t)
 .glue_7t       0x0000000008009c38        0x0 linker stubs
 *(.eh_frame)
 .eh_frame      0x0000000008009c38        0x0 /opt/st/stm32cubeide_1.8.0/plugins/com.st.stm32cube.ide.mcu.externaltools.gnu-tools-for-stm32.9-2020-q2-update.linux64_2.0.0.202105311346/tools/bin/../lib/gcc/arm-none-eabi/9.3.1/thumb/v7e-m+fp/hard/crtbegin.o
 *(.init)
 .init          0x0000000008009c38        0x4 /opt/st/stm32cubeide_1.8.0/plugins/com.st.stm32cube.ide.mcu.externaltools.gnu-tools-for-stm32.9-2020-q2-update.linux64_2.0.0.202105311346/tools/bin/../lib/gcc/arm-none-eabi/9.3.1/thumb/v7e-m+fp/hard/crti.o
                0x0000000008009c38                _init
 .init          0x0000000008009c3c        0x8 /opt/st/stm32cubeide_1.8.0/plugins/com.st.stm32cube.ide.mcu.externaltools.gnu-tools-for-stm32.9-2020-q2-update.linux64_2.0.0.202105311346/tools/bin/../lib/gcc/arm-none-eabi/9.3.1/thumb/v7e-m+fp/hard/crtn.o
 *(.fini)
 .fini          0x0000000008009c44        0x4 /opt/st/stm32cubeide_1.8.0/plugins/com.st.stm32cube.ide.mcu.externaltools.gnu-tools-for-stm32.9-2020-q2-update.linux64_2.0.0.202105311346/tools/bin/../lib/gcc/arm-none-eabi/9.3.1/thumb/v7e-m+fp/hard/crti.o
                0x0000000008009c44                _fini
 .fini          0x0000000008009c48        0x8 /opt/st/stm32cubeide_1.8.0/plugins/com.st.stm32cube.ide.mcu.externaltools.gnu-tools-for-stm32.9-2020-q2-update.linux64_2.0.0.202105311346/tools/bin/../lib/gcc/arm-none-eabi/9.3.1/thumb/v7e-m+fp/hard/crtn.o
                0x0000000008009c50                . = ALIGN (0x4)
                0x0000000008009c50                _etext = .

.vfp11_veneer   0x0000000008009c50        0x0
 .vfp11_veneer  0x0000000008009c50        0x0 linker stubs

.v4_bx          0x0000000008009c50        0x0
 .v4_bx         0x0000000008009c50        0x0 linker stubs

.iplt           0x0000000008009c50        0x0
 .iplt          0x0000000008009c50        0x0 /opt/st/stm32cubeide_1.8.0/plugins/com.st.stm32cube.ide.mcu.externaltools.gnu-tools-for-stm32.9-2020-q2-update.linux64_2.0.0.202105311346/tools/bin/../lib/gcc/arm-none-eabi/9.3.1/thumb/v7e-m+fp/hard/crtbegin.o

.rodata         0x0000000008009c50      0x444
                0x0000000008009c50                . = ALIGN (0x4)
 *(.rodata)
 .rodata        0x0000000008009c50       0x52 ./Core/Src/main.o
 *fill*         0x0000000008009ca2        0x2 
 .rodata        0x0000000008009ca4       0x44 ./Core/Src/rtc.o
 .rodata        0x0000000008009ce8      0x2e3 ./Core/Src/task_handler.o
 *fill*         0x0000000008009fcb        0x1 
 .rodata        0x0000000008009fcc        0x5 ./FreeRtos/tasks.o
 *fill*         0x0000000008009fd1        0x3 
 .rodata        0x0000000008009fd4        0xd ./FreeRtos/timers.o
 *(.rodata*)
 *fill*         0x0000000008009fe1        0x3 
 .rodata.AHBPrescTable
                0x0000000008009fe4       0x10 ./Core/Src/system_stm32f4xx.o
                0x0000000008009fe4                AHBPrescTable
 .rodata.APBPrescTable
                0x0000000008009ff4        0x8 ./Core/Src/system_stm32f4xx.o
                0x0000000008009ff4                APBPrescTable
 .rodata._global_impure_ptr
                0x0000000008009ffc        0x4 /opt/st/stm32cubeide_1.8.0/plugins/com.st.stm32cube.ide.mcu.externaltools.gnu-tools-for-stm32.9-2020-q2-update.linux64_2.0.0.202105311346/tools/bin/../lib/gcc/arm-none-eabi/9.3.1/../../../../arm-none-eabi/lib/thumb/v7e-m+fp/hard/libc_nano.a(lib_a-impure.o)
                0x0000000008009ffc                _global_impure_ptr
 .rodata.__sf_fake_stderr
                0x000000000800a000       0x20 /opt/st/stm32cubeide_1.8.0/plugins/com.st.stm32cube.ide.mcu.externaltools.gnu-tools-for-stm32.9-2020-q2-update.linux64_2.0.0.202105311346/tools/bin/../lib/gcc/arm-none-eabi/9.3.1/../../../../arm-none-eabi/lib/thumb/v7e-m+fp/hard/libc_nano.a(lib_a-findfp.o)
                0x000000000800a000                __sf_fake_stderr
 .rodata.__sf_fake_stdin
                0x000000000800a020       0x20 /opt/st/stm32cubeide_1.8.0/plugins/com.st.stm32cube.ide.mcu.externaltools.gnu-tools-for-stm32.9-2020-q2-update.linux64_2.0.0.202105311346/tools/bin/../lib/gcc/arm-none-eabi/9.3.1/../../../../arm-none-eabi/lib/thumb/v7e-m+fp/hard/libc_nano.a(lib_a-findfp.o)
                0x000000000800a020                __sf_fake_stdin
 .rodata.__sf_fake_stdout
                0x000000000800a040       0x20 /opt/st/stm32cubeide_1.8.0/plugins/com.st.stm32cube.ide.mcu.externaltools.gnu-tools-for-stm32.9-2020-q2-update.linux64_2.0.0.202105311346/tools/bin/../lib/gcc/arm-none-eabi/9.3.1/../../../../arm-none-eabi/lib/thumb/v7e-m+fp/hard/libc_nano.a(lib_a-findfp.o)
                0x000000000800a040                __sf_fake_stdout
 .rodata._svfprintf_r.str1.1
                0x000000000800a060       0x11 /opt/st/stm32cubeide_1.8.0/plugins/com.st.stm32cube.ide.mcu.externaltools.gnu-tools-for-stm32.9-2020-q2-update.linux64_2.0.0.202105311346/tools/bin/../lib/gcc/arm-none-eabi/9.3.1/../../../../arm-none-eabi/lib/thumb/v7e-m+fp/hard/libc_nano.a(lib_a-nano-svfprintf.o)
 .rodata._vfprintf_r.str1.1
                0x000000000800a071       0x11 /opt/st/stm32cubeide_1.8.0/plugins/com.st.stm32cube.ide.mcu.externaltools.gnu-tools-for-stm32.9-2020-q2-update.linux64_2.0.0.202105311346/tools/bin/../lib/gcc/arm-none-eabi/9.3.1/../../../../arm-none-eabi/lib/thumb/v7e-m+fp/hard/libc_nano.a(lib_a-nano-vfprintf.o)
 .rodata._printf_i.str1.1
                0x000000000800a071       0x22 /opt/st/stm32cubeide_1.8.0/plugins/com.st.stm32cube.ide.mcu.externaltools.gnu-tools-for-stm32.9-2020-q2-update.linux64_2.0.0.202105311346/tools/bin/../lib/gcc/arm-none-eabi/9.3.1/../../../../arm-none-eabi/lib/thumb/v7e-m+fp/hard/libc_nano.a(lib_a-nano-vfprintf_i.o)
                0x000000000800a094                . = ALIGN (0x4)
 *fill*         0x000000000800a093        0x1 

.ARM.extab      0x000000000800a094        0x0
                0x000000000800a094                . = ALIGN (0x4)
 *(.ARM.extab* .gnu.linkonce.armextab.*)
                0x000000000800a094                . = ALIGN (0x4)

.ARM            0x000000000800a094        0x8
                0x000000000800a094                . = ALIGN (0x4)
                0x000000000800a094                __exidx_start = .
 *(.ARM.exidx*)
 .ARM.exidx     0x000000000800a094        0x8 /opt/st/stm32cubeide_1.8.0/plugins/com.st.stm32cube.ide.mcu.externaltools.gnu-tools-for-stm32.9-2020-q2-update.linux64_2.0.0.202105311346/tools/bin/../lib/gcc/arm-none-eabi/9.3.1/thumb/v7e-m+fp/hard/libgcc.a(_udivmoddi4.o)
                0x000000000800a09c                __exidx_end = .
                0x000000000800a09c                . = ALIGN (0x4)

.rel.dyn        0x000000000800a09c        0x0
 .rel.iplt      0x000000000800a09c        0x0 /opt/st/stm32cubeide_1.8.0/plugins/com.st.stm32cube.ide.mcu.externaltools.gnu-tools-for-stm32.9-2020-q2-update.linux64_2.0.0.202105311346/tools/bin/../lib/gcc/arm-none-eabi/9.3.1/thumb/v7e-m+fp/hard/crtbegin.o

.preinit_array  0x000000000800a09c        0x0
                0x000000000800a09c                . = ALIGN (0x4)
                0x000000000800a09c                PROVIDE (__preinit_array_start = .)
 *(.preinit_array*)
                0x000000000800a09c                PROVIDE (__preinit_array_end = .)
                0x000000000800a09c                . = ALIGN (0x4)

.init_array     0x000000000800a09c        0x4
                0x000000000800a09c                . = ALIGN (0x4)
                0x000000000800a09c                PROVIDE (__init_array_start = .)
 *(SORT_BY_NAME(.init_array.*))
 *(.init_array*)
 .init_array    0x000000000800a09c        0x4 /opt/st/stm32cubeide_1.8.0/plugins/com.st.stm32cube.ide.mcu.externaltools.gnu-tools-for-stm32.9-2020-q2-update.linux64_2.0.0.202105311346/tools/bin/../lib/gcc/arm-none-eabi/9.3.1/thumb/v7e-m+fp/hard/crtbegin.o
                0x000000000800a0a0                PROVIDE (__init_array_end = .)
                0x000000000800a0a0                . = ALIGN (0x4)

.fini_array     0x000000000800a0a0        0x4
                0x000000000800a0a0                . = ALIGN (0x4)
                [!provide]                        PROVIDE (__fini_array_start = .)
 *(SORT_BY_NAME(.fini_array.*))
 *(.fini_array*)
 .fini_array    0x000000000800a0a0        0x4 /opt/st/stm32cubeide_1.8.0/plugins/com.st.stm32cube.ide.mcu.externaltools.gnu-tools-for-stm32.9-2020-q2-update.linux64_2.0.0.202105311346/tools/bin/../lib/gcc/arm-none-eabi/9.3.1/thumb/v7e-m+fp/hard/crtbegin.o
                [!provide]                        PROVIDE (__fini_array_end = .)
                0x000000000800a0a4                . = ALIGN (0x4)
                0x000000000800a0a4                _sidata = LOADADDR (.data)

.data           0x0000000020000000       0x8c load address 0x000000000800a0a4
                0x0000000020000000                . = ALIGN (0x4)
                0x0000000020000000                _sdata = .
 *(.data)
 *(.data*)
 .data.flag.10692
                0x0000000020000000        0x4 ./Core/Src/led_effects.o
 .data.i.10702  0x0000000020000004        0x4 ./Core/Src/led_effects.o
 .data.time.10679
                0x0000000020000008        0x4 ./Core/Src/rtc.o
 .data.date.10680
                0x000000002000000c        0x4 ./Core/Src/rtc.o
 .data.SystemCoreClock
                0x0000000020000010        0x4 ./Core/Src/system_stm32f4xx.o
                0x0000000020000010                SystemCoreClock
 .data.invalid_msg
                0x0000000020000014        0x4 ./Core/Src/task_handler.o
                0x0000000020000014                invalid_msg
 .data.uwTickPrio
                0x0000000020000018        0x4 ./Drivers/STM32F4xx_HAL_Driver/Src/stm32f4xx_hal.o
                0x0000000020000018                uwTickPrio
 .data.uwTickFreq
                0x000000002000001c        0x1 ./Drivers/STM32F4xx_HAL_Driver/Src/stm32f4xx_hal.o
                0x000000002000001c                uwTickFreq
 *fill*         0x000000002000001d        0x3 
 .data.uxTopUsedPriority
                0x0000000020000020        0x4 ./FreeRtos/tasks.o
                0x0000000020000020                uxTopUsedPriority
 .data.uxCriticalNesting
                0x0000000020000024        0x4 ./FreeRtos/portable/GCC/ARM_CM4F/port.o
 .data._impure_ptr
                0x0000000020000028        0x4 /opt/st/stm32cubeide_1.8.0/plugins/com.st.stm32cube.ide.mcu.externaltools.gnu-tools-for-stm32.9-2020-q2-update.linux64_2.0.0.202105311346/tools/bin/../lib/gcc/arm-none-eabi/9.3.1/../../../../arm-none-eabi/lib/thumb/v7e-m+fp/hard/libc_nano.a(lib_a-impure.o)
                0x0000000020000028                _impure_ptr
 .data.impure_data
                0x000000002000002c       0x60 /opt/st/stm32cubeide_1.8.0/plugins/com.st.stm32cube.ide.mcu.externaltools.gnu-tools-for-stm32.9-2020-q2-update.linux64_2.0.0.202105311346/tools/bin/../lib/gcc/arm-none-eabi/9.3.1/../../../../arm-none-eabi/lib/thumb/v7e-m+fp/hard/libc_nano.a(lib_a-impure.o)
 *(.RamFunc)
 *(.RamFunc*)
                0x000000002000008c                . = ALIGN (0x4)
                0x000000002000008c                _edata = .

.igot.plt       0x000000002000008c        0x0 load address 0x000000000800a130
 .igot.plt      0x000000002000008c        0x0 /opt/st/stm32cubeide_1.8.0/plugins/com.st.stm32cube.ide.mcu.externaltools.gnu-tools-for-stm32.9-2020-q2-update.linux64_2.0.0.202105311346/tools/bin/../lib/gcc/arm-none-eabi/9.3.1/thumb/v7e-m+fp/hard/crtbegin.o
                0x000000002000008c                . = ALIGN (0x4)

.bss            0x000000002000008c    0x13320 load address 0x000000000800a130
                0x000000002000008c                _sbss = .
                0x000000002000008c                __bss_start__ = _sbss
 *(.bss)
 .bss           0x000000002000008c       0x1c /opt/st/stm32cubeide_1.8.0/plugins/com.st.stm32cube.ide.mcu.externaltools.gnu-tools-for-stm32.9-2020-q2-update.linux64_2.0.0.202105311346/tools/bin/../lib/gcc/arm-none-eabi/9.3.1/thumb/v7e-m+fp/hard/crtbegin.o
 *(.bss*)
 .bss.current_state
                0x00000000200000a8        0x1 ./Core/Src/main.o
                0x00000000200000a8                current_state
 *fill*         0x00000000200000a9        0x3 
 .bss.showTime.10675
                0x00000000200000ac       0x28 ./Core/Src/rtc.o
 .bss.showDate.10676
                0x00000000200000d4       0x28 ./Core/Src/rtc.o
 .bss.rtc_time_state.10743
                0x00000000200000fc        0x4 ./Core/Src/task_handler.o
 .bss.rtc_date_state.10744
                0x0000000020000100        0x4 ./Core/Src/task_handler.o
 .bss.pxCurrentTCB
                0x0000000020000104        0x4 ./FreeRtos/tasks.o
                0x0000000020000104                pxCurrentTCB
 .bss.pxReadyTasksLists
                0x0000000020000108       0x64 ./FreeRtos/tasks.o
 .bss.xDelayedTaskList1
                0x000000002000016c       0x14 ./FreeRtos/tasks.o
 .bss.xDelayedTaskList2
                0x0000000020000180       0x14 ./FreeRtos/tasks.o
 .bss.pxDelayedTaskList
                0x0000000020000194        0x4 ./FreeRtos/tasks.o
 .bss.pxOverflowDelayedTaskList
                0x0000000020000198        0x4 ./FreeRtos/tasks.o
 .bss.xPendingReadyList
                0x000000002000019c       0x14 ./FreeRtos/tasks.o
 .bss.xTasksWaitingTermination
                0x00000000200001b0       0x14 ./FreeRtos/tasks.o
 .bss.uxDeletedTasksWaitingCleanUp
                0x00000000200001c4        0x4 ./FreeRtos/tasks.o
 .bss.xSuspendedTaskList
                0x00000000200001c8       0x14 ./FreeRtos/tasks.o
 .bss.uxCurrentNumberOfTasks
                0x00000000200001dc        0x4 ./FreeRtos/tasks.o
 .bss.xTickCount
                0x00000000200001e0        0x4 ./FreeRtos/tasks.o
 .bss.uxTopReadyPriority
                0x00000000200001e4        0x4 ./FreeRtos/tasks.o
 .bss.xSchedulerRunning
                0x00000000200001e8        0x4 ./FreeRtos/tasks.o
 .bss.xPendedTicks
                0x00000000200001ec        0x4 ./FreeRtos/tasks.o
 .bss.xYieldPending
                0x00000000200001f0        0x4 ./FreeRtos/tasks.o
 .bss.xNumOfOverflows
                0x00000000200001f4        0x4 ./FreeRtos/tasks.o
 .bss.uxTaskNumber
                0x00000000200001f8        0x4 ./FreeRtos/tasks.o
 .bss.xNextTaskUnblockTime
                0x00000000200001fc        0x4 ./FreeRtos/tasks.o
 .bss.xIdleTaskHandle
                0x0000000020000200        0x4 ./FreeRtos/tasks.o
 .bss.uxSchedulerSuspended
                0x0000000020000204        0x4 ./FreeRtos/tasks.o
 .bss.xActiveTimerList1
                0x0000000020000208       0x14 ./FreeRtos/timers.o
 .bss.xActiveTimerList2
                0x000000002000021c       0x14 ./FreeRtos/timers.o
 .bss.pxCurrentTimerList
                0x0000000020000230        0x4 ./FreeRtos/timers.o
 .bss.pxOverflowTimerList
                0x0000000020000234        0x4 ./FreeRtos/timers.o
 .bss.xTimerQueue
                0x0000000020000238        0x4 ./FreeRtos/timers.o
 .bss.xTimerTaskHandle
                0x000000002000023c        0x4 ./FreeRtos/timers.o
 .bss.xLastTime.6912
                0x0000000020000240        0x4 ./FreeRtos/timers.o
 .bss.ucMaxSysCallPriority
                0x0000000020000244        0x1 ./FreeRtos/portable/GCC/ARM_CM4F/port.o
 *fill*         0x0000000020000245        0x3 
 .bss.ulMaxPRIGROUPValue
                0x0000000020000248        0x4 ./FreeRtos/portable/GCC/ARM_CM4F/port.o
 .bss.ucHeap    0x000000002000024c    0x12c00 ./FreeRtos/portable/MemMang/heap_4.o
 .bss.xStart    0x0000000020012e4c        0x8 ./FreeRtos/portable/MemMang/heap_4.o
 .bss.pxEnd     0x0000000020012e54        0x4 ./FreeRtos/portable/MemMang/heap_4.o
 .bss.xFreeBytesRemaining
                0x0000000020012e58        0x4 ./FreeRtos/portable/MemMang/heap_4.o
 .bss.xMinimumEverFreeBytesRemaining
                0x0000000020012e5c        0x4 ./FreeRtos/portable/MemMang/heap_4.o
 .bss.xNumberOfSuccessfulAllocations
                0x0000000020012e60        0x4 ./FreeRtos/portable/MemMang/heap_4.o
 .bss.xNumberOfSuccessfulFrees
                0x0000000020012e64        0x4 ./FreeRtos/portable/MemMang/heap_4.o
 .bss.__malloc_free_list
                0x0000000020012e68        0x4 /opt/st/stm32cubeide_1.8.0/plugins/com.st.stm32cube.ide.mcu.externaltools.gnu-tools-for-stm32.9-2020-q2-update.linux64_2.0.0.202105311346/tools/bin/../lib/gcc/arm-none-eabi/9.3.1/../../../../arm-none-eabi/lib/thumb/v7e-m+fp/hard/libc_nano.a(lib_a-nano-mallocr.o)
                0x0000000020012e68                __malloc_free_list
 .bss.__malloc_sbrk_start
                0x0000000020012e6c        0x4 /opt/st/stm32cubeide_1.8.0/plugins/com.st.stm32cube.ide.mcu.externaltools.gnu-tools-for-stm32.9-2020-q2-update.linux64_2.0.0.202105311346/tools/bin/../lib/gcc/arm-none-eabi/9.3.1/../../../../arm-none-eabi/lib/thumb/v7e-m+fp/hard/libc_nano.a(lib_a-nano-mallocr.o)
                0x0000000020012e6c                __malloc_sbrk_start
 .bss.heap_end.5507
                0x0000000020012e70        0x4 /opt/st/stm32cubeide_1.8.0/plugins/com.st.stm32cube.ide.mcu.externaltools.gnu-tools-for-stm32.9-2020-q2-update.linux64_2.0.0.202105311346/tools/bin/../lib/gcc/arm-none-eabi/9.3.1/../../../../arm-none-eabi/lib/thumb/v7e-m+fp/hard/libnosys.a(sbrk.o)
 *(COMMON)
 COMMON         0x0000000020012e74      0x49c ./Core/Src/main.o
                0x0000000020012e74                rtc_timer
                0x0000000020012e78                handle_rtc_task
                0x0000000020012e7c                q_data_input
                0x0000000020012e80                huart3
                0x0000000020012ec4                handle_cmd_task
                0x0000000020012ec8                hpcd_USB_OTG_FS
                0x00000000200132d0                handle_menu_task
                0x00000000200132d4                hrtc
                0x00000000200132f4                handle_print_task
                0x00000000200132f8                handle_led_task
                0x00000000200132fc                user_data
                0x0000000020013300                q_data_print
                0x0000000020013304                handle_led_timers
 COMMON         0x0000000020013310       0x48 ./Core/Src/stm32f4xx_hal_timebase_tim.o
                0x0000000020013310                htim6
 COMMON         0x0000000020013358        0x4 ./Drivers/STM32F4xx_HAL_Driver/Src/stm32f4xx_hal.o
                0x0000000020013358                uwTick
 COMMON         0x000000002001335c       0x40 ./FreeRtos/queue.o
                0x000000002001335c                xQueueRegistry
 COMMON         0x000000002001339c        0x9 /opt/st/stm32cubeide_1.8.0/plugins/com.st.stm32cube.ide.mcu.externaltools.gnu-tools-for-stm32.9-2020-q2-update.linux64_2.0.0.202105311346/tools/bin/../lib/gcc/arm-none-eabi/9.3.1/../../../../arm-none-eabi/lib/thumb/v7e-m+fp/hard/libc_nano.a(lib_a-lock.o)
                0x000000002001339c                __lock___atexit_recursive_mutex
                0x000000002001339d                __lock___arc4random_mutex
                0x000000002001339e                __lock___env_recursive_mutex
                0x000000002001339f                __lock___sinit_recursive_mutex
                0x00000000200133a0                __lock___malloc_recursive_mutex
                0x00000000200133a1                __lock___at_quick_exit_mutex
                0x00000000200133a2                __lock___dd_hash_mutex
                0x00000000200133a3                __lock___tz_mutex
                0x00000000200133a4                __lock___sfp_recursive_mutex
 *fill*         0x00000000200133a5        0x3 
 COMMON         0x00000000200133a8        0x4 /opt/st/stm32cubeide_1.8.0/plugins/com.st.stm32cube.ide.mcu.externaltools.gnu-tools-for-stm32.9-2020-q2-update.linux64_2.0.0.202105311346/tools/bin/../lib/gcc/arm-none-eabi/9.3.1/../../../../arm-none-eabi/lib/thumb/v7e-m+fp/hard/libc_nano.a(lib_a-reent.o)
                0x00000000200133a8                errno
                0x00000000200133ac                . = ALIGN (0x4)
                0x00000000200133ac                _ebss = .
                0x00000000200133ac                __bss_end__ = _ebss

._user_heap_stack
                0x00000000200133ac      0x604 load address 0x000000000800a130
                0x00000000200133b0                . = ALIGN (0x8)
 *fill*         0x00000000200133ac        0x4 
                0x00000000200133b0                PROVIDE (end = .)
                [!provide]                        PROVIDE (_end = .)
                0x00000000200135b0                . = (. + _Min_Heap_Size)
 *fill*         0x00000000200133b0      0x200 
                0x00000000200139b0                . = (. + _Min_Stack_Size)
 *fill*         0x00000000200135b0      0x400 
                0x00000000200139b0                . = ALIGN (0x8)

/DISCARD/
 libc.a(*)
 libm.a(*)
 libgcc.a(*)

.ARM.attributes
                0x0000000000000000       0x30
 *(.ARM.attributes)
 .ARM.attributes
                0x0000000000000000       0x1e /opt/st/stm32cubeide_1.8.0/plugins/com.st.stm32cube.ide.mcu.externaltools.gnu-tools-for-stm32.9-2020-q2-update.linux64_2.0.0.202105311346/tools/bin/../lib/gcc/arm-none-eabi/9.3.1/thumb/v7e-m+fp/hard/crti.o
 .ARM.attributes
                0x000000000000001e       0x34 /opt/st/stm32cubeide_1.8.0/plugins/com.st.stm32cube.ide.mcu.externaltools.gnu-tools-for-stm32.9-2020-q2-update.linux64_2.0.0.202105311346/tools/bin/../lib/gcc/arm-none-eabi/9.3.1/thumb/v7e-m+fp/hard/crtbegin.o
 .ARM.attributes
                0x0000000000000052       0x34 ./Core/Src/led_effects.o
 .ARM.attributes
                0x0000000000000086       0x34 ./Core/Src/main.o
 .ARM.attributes
                0x00000000000000ba       0x34 ./Core/Src/rtc.o
 .ARM.attributes
                0x00000000000000ee       0x34 ./Core/Src/stm32f4xx_hal_msp.o
 .ARM.attributes
                0x0000000000000122       0x34 ./Core/Src/stm32f4xx_hal_timebase_tim.o
 .ARM.attributes
                0x0000000000000156       0x34 ./Core/Src/stm32f4xx_it.o
 .ARM.attributes
                0x000000000000018a       0x34 ./Core/Src/syscalls.o
 .ARM.attributes
                0x00000000000001be       0x34 ./Core/Src/system_stm32f4xx.o
 .ARM.attributes
                0x00000000000001f2       0x34 ./Core/Src/task_handler.o
 .ARM.attributes
                0x0000000000000226       0x21 ./Core/Startup/startup_stm32f413zhtx.o
 .ARM.attributes
                0x0000000000000247       0x34 ./Drivers/STM32F4xx_HAL_Driver/Src/stm32f4xx_hal.o
 .ARM.attributes
                0x000000000000027b       0x34 ./Drivers/STM32F4xx_HAL_Driver/Src/stm32f4xx_hal_cortex.o
 .ARM.attributes
                0x00000000000002af       0x34 ./Drivers/STM32F4xx_HAL_Driver/Src/stm32f4xx_hal_dma.o
 .ARM.attributes
                0x00000000000002e3       0x34 ./Drivers/STM32F4xx_HAL_Driver/Src/stm32f4xx_hal_gpio.o
 .ARM.attributes
                0x0000000000000317       0x34 ./Drivers/STM32F4xx_HAL_Driver/Src/stm32f4xx_hal_pcd.o
 .ARM.attributes
                0x000000000000034b       0x34 ./Drivers/STM32F4xx_HAL_Driver/Src/stm32f4xx_hal_pcd_ex.o
 .ARM.attributes
                0x000000000000037f       0x34 ./Drivers/STM32F4xx_HAL_Driver/Src/stm32f4xx_hal_rcc.o
 .ARM.attributes
                0x00000000000003b3       0x34 ./Drivers/STM32F4xx_HAL_Driver/Src/stm32f4xx_hal_rcc_ex.o
 .ARM.attributes
                0x00000000000003e7       0x34 ./Drivers/STM32F4xx_HAL_Driver/Src/stm32f4xx_hal_rtc.o
 .ARM.attributes
                0x000000000000041b       0x34 ./Drivers/STM32F4xx_HAL_Driver/Src/stm32f4xx_hal_tim.o
 .ARM.attributes
                0x000000000000044f       0x34 ./Drivers/STM32F4xx_HAL_Driver/Src/stm32f4xx_hal_tim_ex.o
 .ARM.attributes
                0x0000000000000483       0x34 ./Drivers/STM32F4xx_HAL_Driver/Src/stm32f4xx_hal_uart.o
 .ARM.attributes
                0x00000000000004b7       0x34 ./Drivers/STM32F4xx_HAL_Driver/Src/stm32f4xx_ll_usb.o
 .ARM.attributes
                0x00000000000004eb       0x34 ./FreeRtos/list.o
 .ARM.attributes
                0x000000000000051f       0x34 ./FreeRtos/queue.o
 .ARM.attributes
                0x0000000000000553       0x34 ./FreeRtos/tasks.o
 .ARM.attributes
                0x0000000000000587       0x34 ./FreeRtos/timers.o
 .ARM.attributes
                0x00000000000005bb       0x34 ./FreeRtos/portable/GCC/ARM_CM4F/port.o
 .ARM.attributes
                0x00000000000005ef       0x34 ./FreeRtos/portable/MemMang/heap_4.o
 .ARM.attributes
                0x0000000000000623       0x32 /opt/st/stm32cubeide_1.8.0/plugins/com.st.stm32cube.ide.mcu.externaltools.gnu-tools-for-stm32.9-2020-q2-update.linux64_2.0.0.202105311346/tools/bin/../lib/gcc/arm-none-eabi/9.3.1/../../../../arm-none-eabi/lib/thumb/v7e-m+fp/hard/libc_nano.a(lib_a-impure.o)
 .ARM.attributes
                0x0000000000000655       0x34 /opt/st/stm32cubeide_1.8.0/plugins/com.st.stm32cube.ide.mcu.externaltools.gnu-tools-for-stm32.9-2020-q2-update.linux64_2.0.0.202105311346/tools/bin/../lib/gcc/arm-none-eabi/9.3.1/../../../../arm-none-eabi/lib/thumb/v7e-m+fp/hard/libc_nano.a(lib_a-init.o)
 .ARM.attributes
                0x0000000000000689       0x34 /opt/st/stm32cubeide_1.8.0/plugins/com.st.stm32cube.ide.mcu.externaltools.gnu-tools-for-stm32.9-2020-q2-update.linux64_2.0.0.202105311346/tools/bin/../lib/gcc/arm-none-eabi/9.3.1/../../../../arm-none-eabi/lib/thumb/v7e-m+fp/hard/libc_nano.a(lib_a-memcpy-stub.o)
 .ARM.attributes
                0x00000000000006bd       0x34 /opt/st/stm32cubeide_1.8.0/plugins/com.st.stm32cube.ide.mcu.externaltools.gnu-tools-for-stm32.9-2020-q2-update.linux64_2.0.0.202105311346/tools/bin/../lib/gcc/arm-none-eabi/9.3.1/../../../../arm-none-eabi/lib/thumb/v7e-m+fp/hard/libc_nano.a(lib_a-memset.o)
 .ARM.attributes
                0x00000000000006f1       0x34 /opt/st/stm32cubeide_1.8.0/plugins/com.st.stm32cube.ide.mcu.externaltools.gnu-tools-for-stm32.9-2020-q2-update.linux64_2.0.0.202105311346/tools/bin/../lib/gcc/arm-none-eabi/9.3.1/../../../../arm-none-eabi/lib/thumb/v7e-m+fp/hard/libc_nano.a(lib_a-printf.o)
 .ARM.attributes
                0x0000000000000725       0x34 /opt/st/stm32cubeide_1.8.0/plugins/com.st.stm32cube.ide.mcu.externaltools.gnu-tools-for-stm32.9-2020-q2-update.linux64_2.0.0.202105311346/tools/bin/../lib/gcc/arm-none-eabi/9.3.1/../../../../arm-none-eabi/lib/thumb/v7e-m+fp/hard/libc_nano.a(lib_a-sprintf.o)
 .ARM.attributes
                0x0000000000000759       0x1c /opt/st/stm32cubeide_1.8.0/plugins/com.st.stm32cube.ide.mcu.externaltools.gnu-tools-for-stm32.9-2020-q2-update.linux64_2.0.0.202105311346/tools/bin/../lib/gcc/arm-none-eabi/9.3.1/../../../../arm-none-eabi/lib/thumb/v7e-m+fp/hard/libc_nano.a(lib_a-strcmp.o)
 .ARM.attributes
                0x0000000000000775       0x17 /opt/st/stm32cubeide_1.8.0/plugins/com.st.stm32cube.ide.mcu.externaltools.gnu-tools-for-stm32.9-2020-q2-update.linux64_2.0.0.202105311346/tools/bin/../lib/gcc/arm-none-eabi/9.3.1/../../../../arm-none-eabi/lib/thumb/v7e-m+fp/hard/libc_nano.a(lib_a-strlen.o)
 .ARM.attributes